
Allocating common symbols
Common symbol       size              file

T0                  0x4               ..\obj\main.o
GPIO_InitStructure  0x4               ..\obj\main.o
msTicks             0x4               ..\obj\main.o

Discarded input sections

 .text          0x00000000        0x0 ..\obj\system_stm32f10x.o
 .bss           0x00000000        0x0 ..\obj\system_stm32f10x.o
 .text.SystemCoreClockUpdate
                0x00000000       0xd8 ..\obj\system_stm32f10x.o
 .text          0x00000000        0x0 ..\obj\startup_stm32f10x_md.o
 .data          0x00000000        0x0 ..\obj\startup_stm32f10x_md.o
 .bss           0x00000000        0x0 ..\obj\startup_stm32f10x_md.o
 .text          0x00000000        0x0 ..\obj\stm32f10x_gpio.o
 .data          0x00000000        0x0 ..\obj\stm32f10x_gpio.o
 .bss           0x00000000        0x0 ..\obj\stm32f10x_gpio.o
 .text.GPIO_DeInit
                0x00000000       0xe4 ..\obj\stm32f10x_gpio.o
 .text.GPIO_AFIODeInit
                0x00000000       0x18 ..\obj\stm32f10x_gpio.o
 .text.GPIO_StructInit
                0x00000000       0x28 ..\obj\stm32f10x_gpio.o
 .text.GPIO_ReadInputDataBit
                0x00000000       0x34 ..\obj\stm32f10x_gpio.o
 .text.GPIO_ReadInputData
                0x00000000       0x1c ..\obj\stm32f10x_gpio.o
 .text.GPIO_ReadOutputDataBit
                0x00000000       0x34 ..\obj\stm32f10x_gpio.o
 .text.GPIO_ReadOutputData
                0x00000000       0x1c ..\obj\stm32f10x_gpio.o
 .text.GPIO_SetBits
                0x00000000       0x1c ..\obj\stm32f10x_gpio.o
 .text.GPIO_ResetBits
                0x00000000       0x1c ..\obj\stm32f10x_gpio.o
 .text.GPIO_WriteBit
                0x00000000       0x30 ..\obj\stm32f10x_gpio.o
 .text.GPIO_Write
                0x00000000       0x1c ..\obj\stm32f10x_gpio.o
 .text.GPIO_PinLockConfig
                0x00000000       0x44 ..\obj\stm32f10x_gpio.o
 .text.GPIO_EventOutputConfig
                0x00000000       0x48 ..\obj\stm32f10x_gpio.o
 .text.GPIO_EventOutputCmd
                0x00000000       0x20 ..\obj\stm32f10x_gpio.o
 .text.GPIO_PinRemapConfig
                0x00000000       0xe0 ..\obj\stm32f10x_gpio.o
 .text.GPIO_EXTILineConfig
                0x00000000       0x7c ..\obj\stm32f10x_gpio.o
 .text.GPIO_ETH_MediaInterfaceConfig
                0x00000000       0x1c ..\obj\stm32f10x_gpio.o
 .text          0x00000000        0x0 ..\obj\main.o
 .data          0x00000000        0x0 ..\obj\main.o
 .text          0x00000000        0x0 ..\obj\printf.o
 .bss           0x00000000        0x0 ..\obj\printf.o
 .text.snprintf
                0x00000000       0x30 ..\obj\printf.o
 .text.fprintf  0x00000000       0x2c ..\obj\printf.o
 .text.sprintf  0x00000000       0x2c ..\obj\printf.o
 .text.puts     0x00000000       0x24 ..\obj\printf.o
 .text          0x00000000        0x0 ..\obj\stm32f10x_rcc.o
 .bss           0x00000000        0x0 ..\obj\stm32f10x_rcc.o
 .text.RCC_DeInit
                0x00000000       0x5c ..\obj\stm32f10x_rcc.o
 .text.RCC_HSEConfig
                0x00000000       0x5c ..\obj\stm32f10x_rcc.o
 .text.RCC_WaitForHSEStartUp
                0x00000000       0x50 ..\obj\stm32f10x_rcc.o
 .text.RCC_AdjustHSICalibrationValue
                0x00000000       0x3c ..\obj\stm32f10x_rcc.o
 .text.RCC_GetSYSCLKSource
                0x00000000       0x20 ..\obj\stm32f10x_rcc.o
 .text.RCC_ITConfig
                0x00000000       0x48 ..\obj\stm32f10x_rcc.o
 .text.RCC_USBCLKConfig
                0x00000000       0x1c ..\obj\stm32f10x_rcc.o
 .text.RCC_ADCCLKConfig
                0x00000000       0x38 ..\obj\stm32f10x_rcc.o
 .text.RCC_LSEConfig
                0x00000000       0x40 ..\obj\stm32f10x_rcc.o
 .text.RCC_LSICmd
                0x00000000       0x20 ..\obj\stm32f10x_rcc.o
 .text.RCC_RTCCLKConfig
                0x00000000       0x24 ..\obj\stm32f10x_rcc.o
 .text.RCC_RTCCLKCmd
                0x00000000       0x20 ..\obj\stm32f10x_rcc.o
 .text.RCC_AHBPeriphClockCmd
                0x00000000       0x3c ..\obj\stm32f10x_rcc.o
 .text.RCC_APB1PeriphClockCmd
                0x00000000       0x3c ..\obj\stm32f10x_rcc.o
 .text.RCC_APB2PeriphResetCmd
                0x00000000       0x3c ..\obj\stm32f10x_rcc.o
 .text.RCC_APB1PeriphResetCmd
                0x00000000       0x3c ..\obj\stm32f10x_rcc.o
 .text.RCC_BackupResetCmd
                0x00000000       0x20 ..\obj\stm32f10x_rcc.o
 .text.RCC_ClockSecuritySystemCmd
                0x00000000       0x20 ..\obj\stm32f10x_rcc.o
 .text.RCC_ClearFlag
                0x00000000       0x1c ..\obj\stm32f10x_rcc.o
 .text.RCC_GetITStatus
                0x00000000       0x38 ..\obj\stm32f10x_rcc.o
 .text.RCC_ClearITPendingBit
                0x00000000       0x20 ..\obj\stm32f10x_rcc.o
 .text          0x00000000        0x0 ..\obj\stm32f10x_usart.o
 .data          0x00000000        0x0 ..\obj\stm32f10x_usart.o
 .bss           0x00000000        0x0 ..\obj\stm32f10x_usart.o
 .text.USART_DeInit
                0x00000000       0xb8 ..\obj\stm32f10x_usart.o
 .text.USART_StructInit
                0x00000000       0x38 ..\obj\stm32f10x_usart.o
 .text.USART_ClockInit
                0x00000000       0x54 ..\obj\stm32f10x_usart.o
 .text.USART_ClockStructInit
                0x00000000       0x2c ..\obj\stm32f10x_usart.o
 .text.USART_ITConfig
                0x00000000       0x90 ..\obj\stm32f10x_usart.o
 .text.USART_DMACmd
                0x00000000       0x48 ..\obj\stm32f10x_usart.o
 .text.USART_SetAddress
                0x00000000       0x38 ..\obj\stm32f10x_usart.o
 .text.USART_WakeUpConfig
                0x00000000       0x38 ..\obj\stm32f10x_usart.o
 .text.USART_ReceiverWakeUpCmd
                0x00000000       0x40 ..\obj\stm32f10x_usart.o
 .text.USART_LINBreakDetectLengthConfig
                0x00000000       0x38 ..\obj\stm32f10x_usart.o
 .text.USART_LINCmd
                0x00000000       0x40 ..\obj\stm32f10x_usart.o
 .text.USART_SendBreak
                0x00000000       0x24 ..\obj\stm32f10x_usart.o
 .text.USART_SetGuardTime
                0x00000000       0x3c ..\obj\stm32f10x_usart.o
 .text.USART_SetPrescaler
                0x00000000       0x38 ..\obj\stm32f10x_usart.o
 .text.USART_SmartCardCmd
                0x00000000       0x40 ..\obj\stm32f10x_usart.o
 .text.USART_SmartCardNACKCmd
                0x00000000       0x40 ..\obj\stm32f10x_usart.o
 .text.USART_HalfDuplexCmd
                0x00000000       0x40 ..\obj\stm32f10x_usart.o
 .text.USART_OverSampling8Cmd
                0x00000000       0x44 ..\obj\stm32f10x_usart.o
 .text.USART_OneBitMethodCmd
                0x00000000       0x40 ..\obj\stm32f10x_usart.o
 .text.USART_IrDAConfig
                0x00000000       0x38 ..\obj\stm32f10x_usart.o
 .text.USART_IrDACmd
                0x00000000       0x40 ..\obj\stm32f10x_usart.o
 .text.USART_ClearFlag
                0x00000000       0x20 ..\obj\stm32f10x_usart.o
 .text.USART_GetITStatus
                0x00000000       0xb0 ..\obj\stm32f10x_usart.o
 .text.USART_ClearITPendingBit
                0x00000000       0x38 ..\obj\stm32f10x_usart.o
 .text          0x00000000        0x0 ..\obj\stm32f10x_flash.o
 .data          0x00000000        0x0 ..\obj\stm32f10x_flash.o
 .bss           0x00000000        0x0 ..\obj\stm32f10x_flash.o
 .text.FLASH_HalfCycleAccessCmd
                0x00000000       0x30 ..\obj\stm32f10x_flash.o
 .text.FLASH_PrefetchBufferCmd
                0x00000000       0x30 ..\obj\stm32f10x_flash.o
 .text.FLASH_Unlock
                0x00000000       0x24 ..\obj\stm32f10x_flash.o
 .text.FLASH_UnlockBank1
                0x00000000       0x24 ..\obj\stm32f10x_flash.o
 .text.FLASH_Lock
                0x00000000       0x1c ..\obj\stm32f10x_flash.o
 .text.FLASH_LockBank1
                0x00000000       0x1c ..\obj\stm32f10x_flash.o
 .text.FLASH_ErasePage
                0x00000000       0x64 ..\obj\stm32f10x_flash.o
 .text.FLASH_EraseAllPages
                0x00000000       0x5c ..\obj\stm32f10x_flash.o
 .text.FLASH_EraseAllBank1Pages
                0x00000000       0x5c ..\obj\stm32f10x_flash.o
 .text.FLASH_EraseOptionBytes
                0x00000000       0xd4 ..\obj\stm32f10x_flash.o
 .text.FLASH_ProgramWord
                0x00000000       0x94 ..\obj\stm32f10x_flash.o
 .text.FLASH_ProgramHalfWord
                0x00000000       0x5c ..\obj\stm32f10x_flash.o
 .text.FLASH_ProgramOptionByteData
                0x00000000       0x78 ..\obj\stm32f10x_flash.o
 .text.FLASH_EnableWriteProtection
                0x00000000      0x118 ..\obj\stm32f10x_flash.o
 .text.FLASH_ReadOutProtection
                0x00000000       0xd4 ..\obj\stm32f10x_flash.o
 .text.FLASH_UserOptionByteConfig
                0x00000000       0x94 ..\obj\stm32f10x_flash.o
 .text.FLASH_GetUserOptionByte
                0x00000000       0x18 ..\obj\stm32f10x_flash.o
 .text.FLASH_GetWriteProtectionOptionByte
                0x00000000       0x18 ..\obj\stm32f10x_flash.o
 .text.FLASH_GetReadOutProtectionStatus
                0x00000000       0x34 ..\obj\stm32f10x_flash.o
 .text.FLASH_GetPrefetchBufferStatus
                0x00000000       0x34 ..\obj\stm32f10x_flash.o
 .text.FLASH_ITConfig
                0x00000000       0x3c ..\obj\stm32f10x_flash.o
 .text.FLASH_GetFlagStatus
                0x00000000       0x54 ..\obj\stm32f10x_flash.o
 .text.FLASH_ClearFlag
                0x00000000       0x1c ..\obj\stm32f10x_flash.o
 .text.FLASH_GetStatus
                0x00000000       0x58 ..\obj\stm32f10x_flash.o
 .text.FLASH_GetBank1Status
                0x00000000       0x58 ..\obj\stm32f10x_flash.o
 .text.FLASH_WaitForLastOperation
                0x00000000       0x44 ..\obj\stm32f10x_flash.o
 .text.FLASH_WaitForLastBank1Operation
                0x00000000       0x44 ..\obj\stm32f10x_flash.o

Memory Configuration

Name             Origin             Length             Attributes
rom              0x08000000         0x00010000         xr
ram              0x20000000         0x00005000         xrw
*default*        0x00000000         0xffffffff

Linker script and memory map

                0x20005000                _eram = 0x20005000

.text           0x08000000     0x130c
 *(.isr_vector)
 .isr_vector    0x08000000      0x10c ..\obj\startup_stm32f10x_md.o
                0x08000000                g_pfnVectors
 *(.text*)
 .text.SystemInit
                0x0800010c       0x68 ..\obj\system_stm32f10x.o
                0x0800010c                SystemInit
 .text.SetSysClock
                0x08000174        0xc ..\obj\system_stm32f10x.o
 .text.SetSysClockToHSI64
                0x08000180       0x78 ..\obj\system_stm32f10x.o
 .text.Default_Reset_Handler
                0x080001f8       0x60 ..\obj\startup_stm32f10x_md.o
                0x080001f8                Default_Reset_Handler
                0x080001f8                Reset_Handler
 .text.Default_Handler
                0x08000258        0x8 ..\obj\startup_stm32f10x_md.o
                0x08000258                EXTI2_IRQHandler
                0x08000258                DebugMon_Handler
                0x08000258                TIM1_CC_IRQHandler
                0x08000258                HardFault_Handler
                0x08000258                PVD_IRQHandler
                0x08000258                PendSV_Handler
                0x08000258                NMI_Handler
                0x08000258                EXTI3_IRQHandler
                0x08000258                EXTI0_IRQHandler
                0x08000258                I2C2_EV_IRQHandler
                0x08000258                UsageFault_Handler
                0x08000258                ADC1_2_IRQHandler
                0x08000258                SPI1_IRQHandler
                0x08000258                TAMPER_IRQHandler
                0x08000258                DMA1_Channel4_IRQHandler
                0x08000258                USART3_IRQHandler
                0x08000258                RTC_IRQHandler
                0x08000258                DMA1_Channel7_IRQHandler
                0x08000258                CAN1_RX1_IRQHandler
                0x08000258                TIM4_IRQHandler
                0x08000258                I2C1_EV_IRQHandler
                0x08000258                DMA1_Channel6_IRQHandler
                0x08000258                TIM3_IRQHandler
                0x08000258                RCC_IRQHandler
                0x08000258                TIM1_TRG_COM_IRQHandler
                0x08000258                DMA1_Channel1_IRQHandler
                0x08000258                EXTI15_10_IRQHandler
                0x08000258                EXTI9_5_IRQHandler
                0x08000258                SPI2_IRQHandler
                0x08000258                MemManage_Handler
                0x08000258                SVC_Handler
                0x08000258                DMA1_Channel5_IRQHandler
                0x08000258                EXTI4_IRQHandler
                0x08000258                USB_LP_CAN1_RX0_IRQHandler
                0x08000258                USB_HP_CAN1_TX_IRQHandler
                0x08000258                DMA1_Channel3_IRQHandler
                0x08000258                TIM1_UP_IRQHandler
                0x08000258                WWDG_IRQHandler
                0x08000258                TIM2_IRQHandler
                0x08000258                TIM1_BRK_IRQHandler
                0x08000258                EXTI1_IRQHandler
                0x08000258                RTCAlarm_IRQHandler
                0x08000258                USART2_IRQHandler
                0x08000258                I2C2_ER_IRQHandler
                0x08000258                DMA1_Channel2_IRQHandler
                0x08000258                CAN1_SCE_IRQHandler
                0x08000258                FLASH_IRQHandler
                0x08000258                BusFault_Handler
                0x08000258                USART1_IRQHandler
                0x08000258                I2C1_ER_IRQHandler
                0x08000258                USBWakeUp_IRQHandler
 .text.GPIO_Init
                0x08000260      0x178 ..\obj\stm32f10x_gpio.o
                0x08000260                GPIO_Init
 .text.GPIO_ToggleBit
                0x080003d8       0x28 ..\obj\stm32f10x_gpio.o
                0x080003d8                GPIO_ToggleBit
 .text.NVIC_SetPriority
                0x08000400       0x54 ..\obj\main.o
 .text.SysTick_Config
                0x08000454       0x44 ..\obj\main.o
 .text.SysTick_Handler
                0x08000498       0x1c ..\obj\main.o
                0x08000498                SysTick_Handler
 .text.main     0x080004b4       0xac ..\obj\main.o
                0x080004b4                main
 .text.Init     0x08000560       0xd4 ..\obj\main.o
                0x08000560                Init
 .text.PrintChar
                0x08000634       0x30 ..\obj\printf.o
                0x08000634                PrintChar
 .text.PutChar  0x08000664       0x20 ..\obj\printf.o
                0x08000664                PutChar
 .text.PutString
                0x08000684       0x3c ..\obj\printf.o
                0x08000684                PutString
 .text.PutUnsignedInt
                0x080006c0       0xa0 ..\obj\printf.o
                0x080006c0                PutUnsignedInt
 .text.PutSignedInt
                0x08000760       0xfc ..\obj\printf.o
                0x08000760                PutSignedInt
 .text.PutHexa  0x0800085c       0xd4 ..\obj\printf.o
                0x0800085c                PutHexa
 .text.vsnprintf
                0x08000930      0x254 ..\obj\printf.o
                0x08000930                vsnprintf
 .text.vsprintf
                0x08000b84       0x24 ..\obj\printf.o
                0x08000b84                vsprintf
 .text.vfprintf
                0x08000ba8       0x68 ..\obj\printf.o
                0x08000ba8                vfprintf
 .text.vprintf  0x08000c10       0x28 ..\obj\printf.o
                0x08000c10                vprintf
 .text.printf   0x08000c38       0x28 ..\obj\printf.o
                0x08000c38                printf
 .text.fputc    0x08000c60       0x40 ..\obj\printf.o
                0x08000c60                fputc
 .text.fputs    0x08000ca0       0x48 ..\obj\printf.o
                0x08000ca0                fputs
 .text.RCC_HSICmd
                0x08000ce8       0x20 ..\obj\stm32f10x_rcc.o
                0x08000ce8                RCC_HSICmd
 .text.RCC_PLLConfig
                0x08000d08       0x3c ..\obj\stm32f10x_rcc.o
                0x08000d08                RCC_PLLConfig
 .text.RCC_PLLCmd
                0x08000d44       0x20 ..\obj\stm32f10x_rcc.o
                0x08000d44                RCC_PLLCmd
 .text.RCC_SYSCLKConfig
                0x08000d64       0x38 ..\obj\stm32f10x_rcc.o
                0x08000d64                RCC_SYSCLKConfig
 .text.RCC_HCLKConfig
                0x08000d9c       0x38 ..\obj\stm32f10x_rcc.o
                0x08000d9c                RCC_HCLKConfig
 .text.RCC_PCLK1Config
                0x08000dd4       0x38 ..\obj\stm32f10x_rcc.o
                0x08000dd4                RCC_PCLK1Config
 .text.RCC_PCLK2Config
                0x08000e0c       0x38 ..\obj\stm32f10x_rcc.o
                0x08000e0c                RCC_PCLK2Config
 .text.RCC_GetClocksFreq
                0x08000e44      0x164 ..\obj\stm32f10x_rcc.o
                0x08000e44                RCC_GetClocksFreq
 .text.RCC_APB2PeriphClockCmd
                0x08000fa8       0x3c ..\obj\stm32f10x_rcc.o
                0x08000fa8                RCC_APB2PeriphClockCmd
 .text.RCC_MCOConfig
                0x08000fe4       0x20 ..\obj\stm32f10x_rcc.o
                0x08000fe4                RCC_MCOConfig
 .text.RCC_GetFlagStatus
                0x08001004       0x74 ..\obj\stm32f10x_rcc.o
                0x08001004                RCC_GetFlagStatus
 .text.USART_Init
                0x08001078      0x174 ..\obj\stm32f10x_usart.o
                0x08001078                USART_Init
 .text.USART_Cmd
                0x080011ec       0x40 ..\obj\stm32f10x_usart.o
                0x080011ec                USART_Cmd
 .text.USART_SendData
                0x0800122c       0x24 ..\obj\stm32f10x_usart.o
                0x0800122c                USART_SendData
 .text.USART_ReceiveData
                0x08001250       0x20 ..\obj\stm32f10x_usart.o
                0x08001250                USART_ReceiveData
 .text.USART_GetFlagStatus
                0x08001270       0x38 ..\obj\stm32f10x_usart.o
                0x08001270                USART_GetFlagStatus
 .text.FLASH_SetLatency
                0x080012a8       0x38 ..\obj\stm32f10x_flash.o
                0x080012a8                FLASH_SetLatency
 *(.init)
 *(.fini)
 *crtbegin.o(.ctors)
 *crtbegin?.o(.ctors)
 *(EXCLUDE_FILE(*crtend.o *crtend?.o) .ctors)
 *(SORT(.ctors.*))
 *(.ctors)
 *crtbegin.o(.dtors)
 *crtbegin?.o(.dtors)
 *(EXCLUDE_FILE(*crtend.o *crtend?.o) .dtors)
 *(SORT(.dtors.*))
 *(.dtors)
 *(.rodata*)
 .rodata        0x080012e0        0x8 ..\obj\main.o
 .rodata        0x080012e8       0x24 ..\obj\printf.o
 *(.eh_fram e*)

.glue_7         0x0800130c        0x0
 .glue_7        0x00000000        0x0 linker stubs

.glue_7t        0x0800130c        0x0
 .glue_7t       0x00000000        0x0 linker stubs

.vfp11_veneer   0x0800130c        0x0
 .vfp11_veneer  0x00000000        0x0 linker stubs

.v4_bx          0x0800130c        0x0
 .v4_bx         0x00000000        0x0 linker stubs

.iplt           0x0800130c        0x0
 .iplt          0x00000000        0x0 ..\obj\system_stm32f10x.o

.rel.dyn        0x0800130c        0x0
 .rel.iplt      0x00000000        0x0 ..\obj\system_stm32f10x.o

.ARM.extab
 *(.ARM.extab* .gnu.linkonce.armextab.*)
                0x0800130c                __exidx_start = .

.ARM.exidx
 *(.ARM.exidx* .gnu.linkonce.armexidx.*)
                0x0800130c                __exidx_end = .
                0x0800130c                __etext = .
                0x0800130c                _sidata = __etext

.data           0x20000000      0x45c load address 0x0800130c
                0x20000000                __data_start__ = .
                0x20000000                _sdata = __data_start__
 *(vtable)
 *(.data*)
 .data          0x20000000       0x14 ..\obj\system_stm32f10x.o
                0x20000000                SystemCoreClock
                0x20000004                AHBPrescTable
 *fill*         0x20000014        0x4 
 .data          0x20000018      0x430 ..\obj\printf.o
                0x20000018                r
                0x20000440                _impure_ptr
 .data          0x20000448       0x14 ..\obj\stm32f10x_rcc.o
                0x2000045c                . = ALIGN (0x4)
                0x2000045c                PROVIDE (__preinit_array_start, .)
 *(.preinit_array)
                0x2000045c                PROVIDE (__preinit_array_end, .)
                0x2000045c                . = ALIGN (0x4)
                0x2000045c                PROVIDE (__init_array_start, .)
 *(SORT(.init_array.*))
 *(.init_array)
                0x2000045c                PROVIDE (__init_array_end, .)
                0x2000045c                . = ALIGN (0x4)
                0x2000045c                PROVIDE (__fini_array_start, .)
 *(SORT(.fini_array.*))
 *(.fini_array)
                0x2000045c                PROVIDE (__fini_array_end, .)
 *(.jcr*)
                0x2000045c                . = ALIGN (0x4)
                0x2000045c                __data_end__ = .
                0x2000045c                _edata = __data_end__

.igot.plt       0x2000045c        0x0 load address 0x08001768
 .igot.plt      0x00000000        0x0 ..\obj\system_stm32f10x.o

.bss            0x2000045c       0x14 load address 0x08001768
                0x2000045c                . = ALIGN (0x4)
                0x2000045c                __bss_start__ = .
                0x2000045c                _sbss = __bss_start__
 *(.bss*)
 .bss           0x2000045c        0x8 ..\obj\main.o
                0x2000045c                T0_bak
                0x20000460                x
 *(COMMON)
 COMMON         0x20000464        0xc ..\obj\main.o
                0x20000464                T0
                0x20000468                GPIO_InitStructure
                0x2000046c                msTicks
                0x20000470                . = ALIGN (0x4)
                0x20000470                __bss_end__ = .
                0x20000470                _ebss = __bss_end__

.heap           0x20000470        0x0
                0x20000470                __end__ = .
                0x20000470                _end = __end__
                0x20000470                end = __end__
 *(.heap*)
                0x20000470                __HeapLimit = .

.co_stack       0x20000470      0x400 load address 0x0800177c
                0x20000470                . = ALIGN (0x8)
 *(.co_stack .co_stack.*)
 .co_stack      0x20000470      0x400 ..\obj\startup_stm32f10x_md.o
                0x20000470                pulStack
                0x20005000                __StackTop = (ORIGIN (ram) + 0x5000)
                0x20004c00                __StackLimit = (__StackTop - SIZEOF (.co_stack))
                0x20005000                PROVIDE (__stack, __StackTop)
                0x00000001                ASSERT ((__StackLimit >= __HeapLimit), region ram  overflowed with stack)
LOAD ..\obj\system_stm32f10x.o
LOAD ..\obj\startup_stm32f10x_md.o
LOAD ..\obj\stm32f10x_gpio.o
LOAD ..\obj\main.o
LOAD ..\obj\printf.o
LOAD ..\obj\stm32f10x_rcc.o
LOAD ..\obj\stm32f10x_usart.o
LOAD ..\obj\stm32f10x_flash.o
START GROUP
LOAD c:/program files (x86)/gnu tools arm embedded/4.8 2014q1/bin/../lib/gcc/arm-none-eabi/4.8.3/armv7-m\libgcc.a
LOAD c:/program files (x86)/gnu tools arm embedded/4.8 2014q1/bin/../lib/gcc/arm-none-eabi/4.8.3/../../../../arm-none-eabi/lib/armv7-m\libg.a
LOAD c:/program files (x86)/gnu tools arm embedded/4.8 2014q1/bin/../lib/gcc/arm-none-eabi/4.8.3/../../../../arm-none-eabi/lib/armv7-m\libc.a
END GROUP
OUTPUT(Blink.elf elf32-littlearm)

.debug_info     0x00000000     0x3e1d
 .debug_info    0x00000000      0x3ce ..\obj\system_stm32f10x.o
 .debug_info    0x000003ce       0xe9 ..\obj\startup_stm32f10x_md.o
 .debug_info    0x000004b7      0x71c ..\obj\stm32f10x_gpio.o
 .debug_info    0x00000bd3      0x8b4 ..\obj\main.o
 .debug_info    0x00001487      0xf70 ..\obj\printf.o
 .debug_info    0x000023f7      0x88d ..\obj\stm32f10x_rcc.o
 .debug_info    0x00002c84      0x9e8 ..\obj\stm32f10x_usart.o
 .debug_info    0x0000366c      0x7b1 ..\obj\stm32f10x_flash.o

.debug_abbrev   0x00000000      0xd08
 .debug_abbrev  0x00000000      0x134 ..\obj\system_stm32f10x.o
 .debug_abbrev  0x00000134       0xa7 ..\obj\startup_stm32f10x_md.o
 .debug_abbrev  0x000001db      0x1c8 ..\obj\stm32f10x_gpio.o
 .debug_abbrev  0x000003a3      0x1fa ..\obj\main.o
 .debug_abbrev  0x0000059d      0x2c4 ..\obj\printf.o
 .debug_abbrev  0x00000861      0x1ba ..\obj\stm32f10x_rcc.o
 .debug_abbrev  0x00000a1b      0x162 ..\obj\stm32f10x_usart.o
 .debug_abbrev  0x00000b7d      0x18b ..\obj\stm32f10x_flash.o

.debug_aranges  0x00000000      0x500
 .debug_aranges
                0x00000000       0x38 ..\obj\system_stm32f10x.o
 .debug_aranges
                0x00000038       0x28 ..\obj\startup_stm32f10x_md.o
 .debug_aranges
                0x00000060       0xb0 ..\obj\stm32f10x_gpio.o
 .debug_aranges
                0x00000110       0x40 ..\obj\main.o
 .debug_aranges
                0x00000150       0xa0 ..\obj\printf.o
 .debug_aranges
                0x000001f0      0x118 ..\obj\stm32f10x_rcc.o
 .debug_aranges
                0x00000308      0x100 ..\obj\stm32f10x_usart.o
 .debug_aranges
                0x00000408       0xf8 ..\obj\stm32f10x_flash.o

.debug_ranges   0x00000000      0x480
 .debug_ranges  0x00000000       0x28 ..\obj\system_stm32f10x.o
 .debug_ranges  0x00000028       0x18 ..\obj\startup_stm32f10x_md.o
 .debug_ranges  0x00000040       0xa0 ..\obj\stm32f10x_gpio.o
 .debug_ranges  0x000000e0       0x30 ..\obj\main.o
 .debug_ranges  0x00000110       0x90 ..\obj\printf.o
 .debug_ranges  0x000001a0      0x108 ..\obj\stm32f10x_rcc.o
 .debug_ranges  0x000002a8       0xf0 ..\obj\stm32f10x_usart.o
 .debug_ranges  0x00000398       0xe8 ..\obj\stm32f10x_flash.o

.debug_line     0x00000000     0x1ed3
 .debug_line    0x00000000      0x23f ..\obj\system_stm32f10x.o
 .debug_line    0x0000023f       0xc2 ..\obj\startup_stm32f10x_md.o
 .debug_line    0x00000301      0x439 ..\obj\stm32f10x_gpio.o
 .debug_line    0x0000073a      0x313 ..\obj\main.o
 .debug_line    0x00000a4d      0x4ed ..\obj\printf.o
 .debug_line    0x00000f3a      0x535 ..\obj\stm32f10x_rcc.o
 .debug_line    0x0000146f      0x512 ..\obj\stm32f10x_usart.o
 .debug_line    0x00001981      0x552 ..\obj\stm32f10x_flash.o

.debug_str      0x00000000     0x1d36
 .debug_str     0x00000000      0x272 ..\obj\system_stm32f10x.o
                                0x2d3 (size before relaxing)
 .debug_str     0x00000272       0xd0 ..\obj\startup_stm32f10x_md.o
                                0x167 (size before relaxing)
 .debug_str     0x00000342      0x3e0 ..\obj\stm32f10x_gpio.o
                                0x550 (size before relaxing)
 .debug_str     0x00000722      0x4fa ..\obj\main.o
                                0x80b (size before relaxing)
 .debug_str     0x00000c1c      0x4e5 ..\obj\printf.o
                                0x73f (size before relaxing)
 .debug_str     0x00001101      0x421 ..\obj\stm32f10x_rcc.o
                                0x642 (size before relaxing)
 .debug_str     0x00001522      0x3c9 ..\obj\stm32f10x_usart.o
                                0x6b8 (size before relaxing)
 .debug_str     0x000018eb      0x44b ..\obj\stm32f10x_flash.o
                                0x610 (size before relaxing)

.comment        0x00000000       0x70
 .comment       0x00000000       0x70 ..\obj\system_stm32f10x.o
                                 0x71 (size before relaxing)
 .comment       0x00000000       0x71 ..\obj\startup_stm32f10x_md.o
 .comment       0x00000000       0x71 ..\obj\stm32f10x_gpio.o
 .comment       0x00000000       0x71 ..\obj\main.o
 .comment       0x00000000       0x71 ..\obj\printf.o
 .comment       0x00000000       0x71 ..\obj\stm32f10x_rcc.o
 .comment       0x00000000       0x71 ..\obj\stm32f10x_usart.o
 .comment       0x00000000       0x71 ..\obj\stm32f10x_flash.o

.ARM.attributes
                0x00000000       0x33
 .ARM.attributes
                0x00000000       0x33 ..\obj\system_stm32f10x.o
 .ARM.attributes
                0x00000033       0x33 ..\obj\startup_stm32f10x_md.o
 .ARM.attributes
                0x00000066       0x33 ..\obj\stm32f10x_gpio.o
 .ARM.attributes
                0x00000099       0x33 ..\obj\main.o
 .ARM.attributes
                0x000000cc       0x33 ..\obj\printf.o
 .ARM.attributes
                0x000000ff       0x33 ..\obj\stm32f10x_rcc.o
 .ARM.attributes
                0x00000132       0x33 ..\obj\stm32f10x_usart.o
 .ARM.attributes
                0x00000165       0x33 ..\obj\stm32f10x_flash.o

.debug_frame    0x00000000      0xfe0
 .debug_frame   0x00000000       0x80 ..\obj\system_stm32f10x.o
 .debug_frame   0x00000080       0x48 ..\obj\startup_stm32f10x_md.o
 .debug_frame   0x000000c8      0x22c ..\obj\stm32f10x_gpio.o
 .debug_frame   0x000002f4       0xa0 ..\obj\main.o
 .debug_frame   0x00000394      0x248 ..\obj\printf.o
 .debug_frame   0x000005dc      0x388 ..\obj\stm32f10x_rcc.o
 .debug_frame   0x00000964      0x344 ..\obj\stm32f10x_usart.o
 .debug_frame   0x00000ca8      0x338 ..\obj\stm32f10x_flash.o
