Archive member included because of file (symbol)

c:/program files (x86)/gnu tools arm embedded/4.8 2014q1/bin/../lib/gcc/arm-none-eabi/4.8.3/armv6-m\libgcc.a(_udivsi3.o)
                              ..\obj\stm32f0xx_rcc.o (__aeabi_uidiv)
c:/program files (x86)/gnu tools arm embedded/4.8 2014q1/bin/../lib/gcc/arm-none-eabi/4.8.3/armv6-m\libgcc.a(_dvmd_tls.o)
                              c:/program files (x86)/gnu tools arm embedded/4.8 2014q1/bin/../lib/gcc/arm-none-eabi/4.8.3/armv6-m\libgcc.a(_udivsi3.o) (__aeabi_idiv0)

Allocating common symbols
Common symbol       size              file

GPIO_InitStructure  0x8               ..\obj\main.o
millis              0x4               ..\obj\main.o

Discarded input sections

 .text          0x00000000        0x0 ..\obj\stm32f0xx_crc.o
 .data          0x00000000        0x0 ..\obj\stm32f0xx_crc.o
 .bss           0x00000000        0x0 ..\obj\stm32f0xx_crc.o
 .text.CRC_DeInit
                0x00000000       0x34 ..\obj\stm32f0xx_crc.o
 .text.CRC_ResetDR
                0x00000000       0x18 ..\obj\stm32f0xx_crc.o
 .text.CRC_PolynomialSizeSelect
                0x00000000       0x34 ..\obj\stm32f0xx_crc.o
 .text.CRC_ReverseInputDataSelect
                0x00000000       0x34 ..\obj\stm32f0xx_crc.o
 .text.CRC_ReverseOutputDataCmd
                0x00000000       0x38 ..\obj\stm32f0xx_crc.o
 .text.CRC_SetInitRegister
                0x00000000       0x18 ..\obj\stm32f0xx_crc.o
 .text.CRC_SetPolynomial
                0x00000000       0x18 ..\obj\stm32f0xx_crc.o
 .text.CRC_CalcCRC
                0x00000000       0x20 ..\obj\stm32f0xx_crc.o
 .text.CRC_CalcCRC16bits
                0x00000000       0x24 ..\obj\stm32f0xx_crc.o
 .text.CRC_CalcCRC8bits
                0x00000000       0x24 ..\obj\stm32f0xx_crc.o
 .text.CRC_CalcBlockCRC
                0x00000000       0x40 ..\obj\stm32f0xx_crc.o
 .text.CRC_GetCRC
                0x00000000       0x14 ..\obj\stm32f0xx_crc.o
 .text.CRC_SetIDRegister
                0x00000000       0x20 ..\obj\stm32f0xx_crc.o
 .text.CRC_GetIDRegister
                0x00000000       0x14 ..\obj\stm32f0xx_crc.o
 .debug_info    0x00000000      0x367 ..\obj\stm32f0xx_crc.o
 .debug_abbrev  0x00000000      0x16d ..\obj\stm32f0xx_crc.o
 .debug_aranges
                0x00000000       0x88 ..\obj\stm32f0xx_crc.o
 .debug_ranges  0x00000000       0x78 ..\obj\stm32f0xx_crc.o
 .debug_line    0x00000000      0x288 ..\obj\stm32f0xx_crc.o
 .debug_str     0x00000000      0x343 ..\obj\stm32f0xx_crc.o
 .comment       0x00000000       0x71 ..\obj\stm32f0xx_crc.o
 .ARM.attributes
                0x00000000       0x31 ..\obj\stm32f0xx_crc.o
 .debug_frame   0x00000000      0x1c0 ..\obj\stm32f0xx_crc.o
 .text          0x00000000        0x0 ..\obj\stm32f0xx_rcc.o
 .data          0x00000000       0x10 ..\obj\stm32f0xx_rcc.o
 .bss           0x00000000        0x0 ..\obj\stm32f0xx_rcc.o
 .text.RCC_DeInit
                0x00000000       0x88 ..\obj\stm32f0xx_rcc.o
 .text.RCC_HSEConfig
                0x00000000       0x24 ..\obj\stm32f0xx_rcc.o
 .text.RCC_WaitForHSEStartUp
                0x00000000       0x60 ..\obj\stm32f0xx_rcc.o
 .text.RCC_AdjustHSICalibrationValue
                0x00000000       0x3c ..\obj\stm32f0xx_rcc.o
 .text.RCC_HSICmd
                0x00000000       0x38 ..\obj\stm32f0xx_rcc.o
 .text.RCC_AdjustHSI14CalibrationValue
                0x00000000       0x3c ..\obj\stm32f0xx_rcc.o
 .text.RCC_HSI14Cmd
                0x00000000       0x38 ..\obj\stm32f0xx_rcc.o
 .text.RCC_HSI14ADCRequestCmd
                0x00000000       0x38 ..\obj\stm32f0xx_rcc.o
 .text.RCC_LSEConfig
                0x00000000       0x38 ..\obj\stm32f0xx_rcc.o
 .text.RCC_LSEDriveConfig
                0x00000000       0x2c ..\obj\stm32f0xx_rcc.o
 .text.RCC_LSICmd
                0x00000000       0x38 ..\obj\stm32f0xx_rcc.o
 .text.RCC_PLLConfig
                0x00000000       0x34 ..\obj\stm32f0xx_rcc.o
 .text.RCC_PLLCmd
                0x00000000       0x40 ..\obj\stm32f0xx_rcc.o
 .text.RCC_HSI48Cmd
                0x00000000       0x40 ..\obj\stm32f0xx_rcc.o
 .text.RCC_PREDIV1Config
                0x00000000       0x34 ..\obj\stm32f0xx_rcc.o
 .text.RCC_ClockSecuritySystemCmd
                0x00000000       0x40 ..\obj\stm32f0xx_rcc.o
 .text.RCC_MCOConfig
                0x00000000       0x40 ..\obj\stm32f0xx_rcc.o
 .text.RCC_SYSCLKConfig
                0x00000000       0x34 ..\obj\stm32f0xx_rcc.o
 .text.RCC_GetSYSCLKSource
                0x00000000       0x1c ..\obj\stm32f0xx_rcc.o
 .text.RCC_HCLKConfig
                0x00000000       0x34 ..\obj\stm32f0xx_rcc.o
 .text.RCC_PCLKConfig
                0x00000000       0x38 ..\obj\stm32f0xx_rcc.o
 .text.RCC_ADCCLKConfig
                0x00000000       0x50 ..\obj\stm32f0xx_rcc.o
 .text.RCC_CECCLKConfig
                0x00000000       0x2c ..\obj\stm32f0xx_rcc.o
 .text.RCC_I2CCLKConfig
                0x00000000       0x2c ..\obj\stm32f0xx_rcc.o
 .text.RCC_USARTCLKConfig
                0x00000000       0x64 ..\obj\stm32f0xx_rcc.o
 .text.RCC_USBCLKConfig
                0x00000000       0x2c ..\obj\stm32f0xx_rcc.o
 .text.RCC_GetClocksFreq
                0x00000000      0x2cc ..\obj\stm32f0xx_rcc.o
 .text.RCC_RTCCLKConfig
                0x00000000       0x20 ..\obj\stm32f0xx_rcc.o
 .text.RCC_RTCCLKCmd
                0x00000000       0x40 ..\obj\stm32f0xx_rcc.o
 .text.RCC_BackupResetCmd
                0x00000000       0x40 ..\obj\stm32f0xx_rcc.o
 .text.RCC_APB2PeriphClockCmd
                0x00000000       0x3c ..\obj\stm32f0xx_rcc.o
 .text.RCC_APB1PeriphClockCmd
                0x00000000       0x3c ..\obj\stm32f0xx_rcc.o
 .text.RCC_AHBPeriphResetCmd
                0x00000000       0x3c ..\obj\stm32f0xx_rcc.o
 .text.RCC_APB2PeriphResetCmd
                0x00000000       0x3c ..\obj\stm32f0xx_rcc.o
 .text.RCC_APB1PeriphResetCmd
                0x00000000       0x3c ..\obj\stm32f0xx_rcc.o
 .text.RCC_ITConfig
                0x00000000       0x50 ..\obj\stm32f0xx_rcc.o
 .text.RCC_GetFlagStatus
                0x00000000       0x90 ..\obj\stm32f0xx_rcc.o
 .text.RCC_ClearFlag
                0x00000000       0x1c ..\obj\stm32f0xx_rcc.o
 .text.RCC_GetITStatus
                0x00000000       0x44 ..\obj\stm32f0xx_rcc.o
 .text.RCC_ClearITPendingBit
                0x00000000       0x20 ..\obj\stm32f0xx_rcc.o
 .text          0x00000000        0x0 ..\obj\stm32f0xx_adc.o
 .data          0x00000000        0x0 ..\obj\stm32f0xx_adc.o
 .bss           0x00000000        0x0 ..\obj\stm32f0xx_adc.o
 .text.ADC_DeInit
                0x00000000       0x34 ..\obj\stm32f0xx_adc.o
 .text.ADC_Init
                0x00000000       0x58 ..\obj\stm32f0xx_adc.o
 .text.ADC_StructInit
                0x00000000       0x34 ..\obj\stm32f0xx_adc.o
 .text.ADC_Cmd  0x00000000       0x38 ..\obj\stm32f0xx_adc.o
 .text.ADC_ClockModeConfig
                0x00000000       0x18 ..\obj\stm32f0xx_adc.o
 .text.ADC_JitterCmd
                0x00000000       0x38 ..\obj\stm32f0xx_adc.o
 .text.ADC_AutoPowerOffCmd
                0x00000000       0x3c ..\obj\stm32f0xx_adc.o
 .text.ADC_WaitModeCmd
                0x00000000       0x3c ..\obj\stm32f0xx_adc.o
 .text.ADC_AnalogWatchdogCmd
                0x00000000       0x3c ..\obj\stm32f0xx_adc.o
 .text.ADC_AnalogWatchdogThresholdsConfig
                0x00000000       0x28 ..\obj\stm32f0xx_adc.o
 .text.ADC_AnalogWatchdogSingleChannelConfig
                0x00000000       0x34 ..\obj\stm32f0xx_adc.o
 .text.ADC_AnalogWatchdogSingleChannelCmd
                0x00000000       0x3c ..\obj\stm32f0xx_adc.o
 .text.ADC_TempSensorCmd
                0x00000000       0x40 ..\obj\stm32f0xx_adc.o
 .text.ADC_VrefintCmd
                0x00000000       0x40 ..\obj\stm32f0xx_adc.o
 .text.ADC_VbatCmd
                0x00000000       0x40 ..\obj\stm32f0xx_adc.o
 .text.ADC_ChannelConfig
                0x00000000       0x38 ..\obj\stm32f0xx_adc.o
 .text.ADC_ContinuousModeCmd
                0x00000000       0x3c ..\obj\stm32f0xx_adc.o
 .text.ADC_DiscModeCmd
                0x00000000       0x3c ..\obj\stm32f0xx_adc.o
 .text.ADC_OverrunModeCmd
                0x00000000       0x3c ..\obj\stm32f0xx_adc.o
 .text.ADC_GetCalibrationFactor
                0x00000000       0x60 ..\obj\stm32f0xx_adc.o
 .text.ADC_StopOfConversion
                0x00000000       0x1c ..\obj\stm32f0xx_adc.o
 .text.ADC_StartOfConversion
                0x00000000       0x1c ..\obj\stm32f0xx_adc.o
 .text.ADC_GetConversionValue
                0x00000000       0x18 ..\obj\stm32f0xx_adc.o
 .text.ADC_DMACmd
                0x00000000       0x3c ..\obj\stm32f0xx_adc.o
 .text.ADC_DMARequestModeConfig
                0x00000000       0x2c ..\obj\stm32f0xx_adc.o
 .text.ADC_ITConfig
                0x00000000       0x38 ..\obj\stm32f0xx_adc.o
 .text.ADC_GetFlagStatus
                0x00000000       0x60 ..\obj\stm32f0xx_adc.o
 .text.ADC_ClearFlag
                0x00000000       0x18 ..\obj\stm32f0xx_adc.o
 .text.ADC_GetITStatus
                0x00000000       0x50 ..\obj\stm32f0xx_adc.o
 .text.ADC_ClearITPendingBit
                0x00000000       0x18 ..\obj\stm32f0xx_adc.o
 .debug_info    0x00000000      0x8c9 ..\obj\stm32f0xx_adc.o
 .debug_abbrev  0x00000000      0x188 ..\obj\stm32f0xx_adc.o
 .debug_aranges
                0x00000000      0x108 ..\obj\stm32f0xx_adc.o
 .debug_ranges  0x00000000       0xf8 ..\obj\stm32f0xx_adc.o
 .debug_line    0x00000000      0x42e ..\obj\stm32f0xx_adc.o
 .debug_str     0x00000000      0x5bd ..\obj\stm32f0xx_adc.o
 .comment       0x00000000       0x71 ..\obj\stm32f0xx_adc.o
 .ARM.attributes
                0x00000000       0x31 ..\obj\stm32f0xx_adc.o
 .debug_frame   0x00000000      0x3d0 ..\obj\stm32f0xx_adc.o
 .text          0x00000000        0x0 ..\obj\stm32f0xx_iwdg.o
 .data          0x00000000        0x0 ..\obj\stm32f0xx_iwdg.o
 .bss           0x00000000        0x0 ..\obj\stm32f0xx_iwdg.o
 .text.IWDG_WriteAccessCmd
                0x00000000       0x20 ..\obj\stm32f0xx_iwdg.o
 .text.IWDG_SetPrescaler
                0x00000000       0x20 ..\obj\stm32f0xx_iwdg.o
 .text.IWDG_SetReload
                0x00000000       0x20 ..\obj\stm32f0xx_iwdg.o
 .text.IWDG_ReloadCounter
                0x00000000       0x18 ..\obj\stm32f0xx_iwdg.o
 .text.IWDG_SetWindowValue
                0x00000000       0x20 ..\obj\stm32f0xx_iwdg.o
 .text.IWDG_Enable
                0x00000000       0x18 ..\obj\stm32f0xx_iwdg.o
 .text.IWDG_GetFlagStatus
                0x00000000       0x44 ..\obj\stm32f0xx_iwdg.o
 .debug_info    0x00000000      0x213 ..\obj\stm32f0xx_iwdg.o
 .debug_abbrev  0x00000000      0x10c ..\obj\stm32f0xx_iwdg.o
 .debug_aranges
                0x00000000       0x50 ..\obj\stm32f0xx_iwdg.o
 .debug_ranges  0x00000000       0x40 ..\obj\stm32f0xx_iwdg.o
 .debug_line    0x00000000      0x1eb ..\obj\stm32f0xx_iwdg.o
 .debug_str     0x00000000      0x26c ..\obj\stm32f0xx_iwdg.o
 .comment       0x00000000       0x71 ..\obj\stm32f0xx_iwdg.o
 .ARM.attributes
                0x00000000       0x31 ..\obj\stm32f0xx_iwdg.o
 .debug_frame   0x00000000       0xe8 ..\obj\stm32f0xx_iwdg.o
 .text          0x00000000        0x0 ..\obj\stm32f0xx_cec.o
 .data          0x00000000        0x0 ..\obj\stm32f0xx_cec.o
 .bss           0x00000000        0x0 ..\obj\stm32f0xx_cec.o
 .text.CEC_DeInit
                0x00000000       0x20 ..\obj\stm32f0xx_cec.o
 .text.CEC_Init
                0x00000000       0x5c ..\obj\stm32f0xx_cec.o
 .text.CEC_StructInit
                0x00000000       0x38 ..\obj\stm32f0xx_cec.o
 .text.CEC_Cmd  0x00000000       0x38 ..\obj\stm32f0xx_cec.o
 .text.CEC_ListenModeCmd
                0x00000000       0x3c ..\obj\stm32f0xx_cec.o
 .text.CEC_OwnAddressConfig
                0x00000000       0x38 ..\obj\stm32f0xx_cec.o
 .text.CEC_OwnAddressClear
                0x00000000       0x14 ..\obj\stm32f0xx_cec.o
 .text.CEC_SendData
                0x00000000       0x20 ..\obj\stm32f0xx_cec.o
 .text.CEC_ReceiveData
                0x00000000       0x14 ..\obj\stm32f0xx_cec.o
 .text.CEC_StartOfMessage
                0x00000000       0x18 ..\obj\stm32f0xx_cec.o
 .text.CEC_EndOfMessage
                0x00000000       0x18 ..\obj\stm32f0xx_cec.o
 .text.CEC_ITConfig
                0x00000000       0x4c ..\obj\stm32f0xx_cec.o
 .text.CEC_GetFlagStatus
                0x00000000       0x44 ..\obj\stm32f0xx_cec.o
 .text.CEC_ClearFlag
                0x00000000       0x18 ..\obj\stm32f0xx_cec.o
 .text.CEC_GetITStatus
                0x00000000       0x5c ..\obj\stm32f0xx_cec.o
 .text.CEC_ClearITPendingBit
                0x00000000       0x20 ..\obj\stm32f0xx_cec.o
 .debug_info    0x00000000      0x429 ..\obj\stm32f0xx_cec.o
 .debug_abbrev  0x00000000      0x1b5 ..\obj\stm32f0xx_cec.o
 .debug_aranges
                0x00000000       0x98 ..\obj\stm32f0xx_cec.o
 .debug_ranges  0x00000000       0x88 ..\obj\stm32f0xx_cec.o
 .debug_line    0x00000000      0x2fe ..\obj\stm32f0xx_cec.o
 .debug_str     0x00000000      0x3b8 ..\obj\stm32f0xx_cec.o
 .comment       0x00000000       0x71 ..\obj\stm32f0xx_cec.o
 .ARM.attributes
                0x00000000       0x31 ..\obj\stm32f0xx_cec.o
 .debug_frame   0x00000000      0x1fc ..\obj\stm32f0xx_cec.o
 .text          0x00000000        0x0 ..\obj\main.o
 .data          0x00000000        0x0 ..\obj\main.o
 .bss           0x00000000        0x0 ..\obj\main.o
 .text          0x00000000       0x14 ..\obj\startup_stm32f0xx.o
 .data          0x00000000        0x0 ..\obj\startup_stm32f0xx.o
 .bss           0x00000000        0x0 ..\obj\startup_stm32f0xx.o
 .text          0x00000000        0x0 ..\obj\stm32f0xx_dma.o
 .data          0x00000000        0x0 ..\obj\stm32f0xx_dma.o
 .bss           0x00000000        0x0 ..\obj\stm32f0xx_dma.o
 .text.DMA_DeInit
                0x00000000      0x184 ..\obj\stm32f0xx_dma.o
 .text.DMA_Init
                0x00000000       0x78 ..\obj\stm32f0xx_dma.o
 .text.DMA_StructInit
                0x00000000       0x50 ..\obj\stm32f0xx_dma.o
 .text.DMA_Cmd  0x00000000       0x3c ..\obj\stm32f0xx_dma.o
 .text.DMA_RemapConfig
                0x00000000       0x48 ..\obj\stm32f0xx_dma.o
 .text.DMA_SetCurrDataCounter
                0x00000000       0x1c ..\obj\stm32f0xx_dma.o
 .text.DMA_GetCurrDataCounter
                0x00000000       0x18 ..\obj\stm32f0xx_dma.o
 .text.DMA_ITConfig
                0x00000000       0x38 ..\obj\stm32f0xx_dma.o
 .text.DMA_GetFlagStatus
                0x00000000       0x5c ..\obj\stm32f0xx_dma.o
 .text.DMA_ClearFlag
                0x00000000       0x30 ..\obj\stm32f0xx_dma.o
 .text.DMA_GetITStatus
                0x00000000       0x5c ..\obj\stm32f0xx_dma.o
 .text.DMA_ClearITPendingBit
                0x00000000       0x30 ..\obj\stm32f0xx_dma.o
 .debug_info    0x00000000      0x4ad ..\obj\stm32f0xx_dma.o
 .debug_abbrev  0x00000000      0x16e ..\obj\stm32f0xx_dma.o
 .debug_aranges
                0x00000000       0x78 ..\obj\stm32f0xx_dma.o
 .debug_ranges  0x00000000       0x68 ..\obj\stm32f0xx_dma.o
 .debug_line    0x00000000      0x2dc ..\obj\stm32f0xx_dma.o
 .debug_str     0x00000000      0x3dd ..\obj\stm32f0xx_dma.o
 .comment       0x00000000       0x71 ..\obj\stm32f0xx_dma.o
 .ARM.attributes
                0x00000000       0x31 ..\obj\stm32f0xx_dma.o
 .debug_frame   0x00000000      0x190 ..\obj\stm32f0xx_dma.o
 .text          0x00000000        0x0 ..\obj\stm32f0xx_spi.o
 .data          0x00000000        0x0 ..\obj\stm32f0xx_spi.o
 .bss           0x00000000        0x0 ..\obj\stm32f0xx_spi.o
 .text.SPI_I2S_DeInit
                0x00000000       0x58 ..\obj\stm32f0xx_spi.o
 .text.SPI_StructInit
                0x00000000       0x48 ..\obj\stm32f0xx_spi.o
 .text.SPI_Init
                0x00000000      0x104 ..\obj\stm32f0xx_spi.o
 .text.I2S_StructInit
                0x00000000       0x34 ..\obj\stm32f0xx_spi.o
 .text.I2S_Init
                0x00000000      0x1c0 ..\obj\stm32f0xx_spi.o
 .text.SPI_Cmd  0x00000000       0x40 ..\obj\stm32f0xx_spi.o
 .text.SPI_TIModeCmd
                0x00000000       0x40 ..\obj\stm32f0xx_spi.o
 .text.I2S_Cmd  0x00000000       0x44 ..\obj\stm32f0xx_spi.o
 .text.SPI_DataSizeConfig
                0x00000000       0x58 ..\obj\stm32f0xx_spi.o
 .text.SPI_RxFIFOThresholdConfig
                0x00000000       0x3c ..\obj\stm32f0xx_spi.o
 .text.SPI_BiDirectionalLineConfig
                0x00000000       0x48 ..\obj\stm32f0xx_spi.o
 .text.SPI_NSSInternalSoftwareConfig
                0x00000000       0x4c ..\obj\stm32f0xx_spi.o
 .text.SPI_SSOutputCmd
                0x00000000       0x40 ..\obj\stm32f0xx_spi.o
 .text.SPI_NSSPulseModeCmd
                0x00000000       0x40 ..\obj\stm32f0xx_spi.o
 .text.SPI_SendData8
                0x00000000       0x2c ..\obj\stm32f0xx_spi.o
 .text.SPI_I2S_SendData16
                0x00000000       0x1c ..\obj\stm32f0xx_spi.o
 .text.SPI_ReceiveData8
                0x00000000       0x24 ..\obj\stm32f0xx_spi.o
 .text.SPI_I2S_ReceiveData16
                0x00000000       0x18 ..\obj\stm32f0xx_spi.o
 .text.SPI_CRCLengthConfig
                0x00000000       0x3c ..\obj\stm32f0xx_spi.o
 .text.SPI_CalculateCRC
                0x00000000       0x44 ..\obj\stm32f0xx_spi.o
 .text.SPI_TransmitCRC
                0x00000000       0x20 ..\obj\stm32f0xx_spi.o
 .text.SPI_GetCRC
                0x00000000       0x44 ..\obj\stm32f0xx_spi.o
 .text.SPI_GetCRCPolynomial
                0x00000000       0x18 ..\obj\stm32f0xx_spi.o
 .text.SPI_I2S_DMACmd
                0x00000000       0x48 ..\obj\stm32f0xx_spi.o
 .text.SPI_LastDMATransferCmd
                0x00000000       0x3c ..\obj\stm32f0xx_spi.o
 .text.SPI_I2S_ITConfig
                0x00000000       0x7c ..\obj\stm32f0xx_spi.o
 .text.SPI_GetTransmissionFIFOStatus
                0x00000000       0x20 ..\obj\stm32f0xx_spi.o
 .text.SPI_GetReceptionFIFOStatus
                0x00000000       0x20 ..\obj\stm32f0xx_spi.o
 .text.SPI_I2S_GetFlagStatus
                0x00000000       0x48 ..\obj\stm32f0xx_spi.o
 .text.SPI_I2S_ClearFlag
                0x00000000       0x20 ..\obj\stm32f0xx_spi.o
 .text.SPI_I2S_GetITStatus
                0x00000000       0xb0 ..\obj\stm32f0xx_spi.o
 .debug_info    0x00000000      0xab4 ..\obj\stm32f0xx_spi.o
 .debug_abbrev  0x00000000      0x1a1 ..\obj\stm32f0xx_spi.o
 .debug_aranges
                0x00000000      0x110 ..\obj\stm32f0xx_spi.o
 .debug_ranges  0x00000000      0x100 ..\obj\stm32f0xx_spi.o
 .debug_line    0x00000000      0x480 ..\obj\stm32f0xx_spi.o
 .debug_str     0x00000000      0x72f ..\obj\stm32f0xx_spi.o
 .comment       0x00000000       0x71 ..\obj\stm32f0xx_spi.o
 .ARM.attributes
                0x00000000       0x31 ..\obj\stm32f0xx_spi.o
 .debug_frame   0x00000000      0x3f0 ..\obj\stm32f0xx_spi.o
 .text          0x00000000        0x0 ..\obj\stm32f0xx_i2c.o
 .data          0x00000000        0x0 ..\obj\stm32f0xx_i2c.o
 .bss           0x00000000        0x0 ..\obj\stm32f0xx_i2c.o
 .text.I2C_DeInit
                0x00000000       0x4c ..\obj\stm32f0xx_i2c.o
 .text.I2C_Init
                0x00000000       0xd0 ..\obj\stm32f0xx_i2c.o
 .text.I2C_StructInit
                0x00000000       0x3c ..\obj\stm32f0xx_i2c.o
 .text.I2C_Cmd  0x00000000       0x3c ..\obj\stm32f0xx_i2c.o
 .text.I2C_SoftwareResetCmd
                0x00000000       0x30 ..\obj\stm32f0xx_i2c.o
 .text.I2C_ITConfig
                0x00000000       0x38 ..\obj\stm32f0xx_i2c.o
 .text.I2C_StretchClockCmd
                0x00000000       0x3c ..\obj\stm32f0xx_i2c.o
 .text.I2C_StopModeCmd
                0x00000000       0x3c ..\obj\stm32f0xx_i2c.o
 .text.I2C_DualAddressCmd
                0x00000000       0x3c ..\obj\stm32f0xx_i2c.o
 .text.I2C_OwnAddress2Config
                0x00000000       0x50 ..\obj\stm32f0xx_i2c.o
 .text.I2C_GeneralCallCmd
                0x00000000       0x3c ..\obj\stm32f0xx_i2c.o
 .text.I2C_SlaveByteControlCmd
                0x00000000       0x3c ..\obj\stm32f0xx_i2c.o
 .text.I2C_SlaveAddressConfig
                0x00000000       0x3c ..\obj\stm32f0xx_i2c.o
 .text.I2C_10BitAddressingModeCmd
                0x00000000       0x3c ..\obj\stm32f0xx_i2c.o
 .text.I2C_AutoEndCmd
                0x00000000       0x3c ..\obj\stm32f0xx_i2c.o
 .text.I2C_ReloadCmd
                0x00000000       0x3c ..\obj\stm32f0xx_i2c.o
 .text.I2C_NumberOfBytesConfig
                0x00000000       0x44 ..\obj\stm32f0xx_i2c.o
 .text.I2C_MasterRequestConfig
                0x00000000       0x3c ..\obj\stm32f0xx_i2c.o
 .text.I2C_GenerateSTART
                0x00000000       0x3c ..\obj\stm32f0xx_i2c.o
 .text.I2C_GenerateSTOP
                0x00000000       0x3c ..\obj\stm32f0xx_i2c.o
 .text.I2C_10BitAddressHeaderCmd
                0x00000000       0x3c ..\obj\stm32f0xx_i2c.o
 .text.I2C_AcknowledgeConfig
                0x00000000       0x3c ..\obj\stm32f0xx_i2c.o
 .text.I2C_GetAddressMatched
                0x00000000       0x20 ..\obj\stm32f0xx_i2c.o
 .text.I2C_GetTransferDirection
                0x00000000       0x48 ..\obj\stm32f0xx_i2c.o
 .text.I2C_TransferHandling
                0x00000000       0x60 ..\obj\stm32f0xx_i2c.o
 .text.I2C_SMBusAlertCmd
                0x00000000       0x3c ..\obj\stm32f0xx_i2c.o
 .text.I2C_ClockTimeoutCmd
                0x00000000       0x3c ..\obj\stm32f0xx_i2c.o
 .text.I2C_ExtendedClockTimeoutCmd
                0x00000000       0x38 ..\obj\stm32f0xx_i2c.o
 .text.I2C_IdleClockTimeoutCmd
                0x00000000       0x3c ..\obj\stm32f0xx_i2c.o
 .text.I2C_TimeoutAConfig
                0x00000000       0x3c ..\obj\stm32f0xx_i2c.o
 .text.I2C_TimeoutBConfig
                0x00000000       0x44 ..\obj\stm32f0xx_i2c.o
 .text.I2C_CalculatePEC
                0x00000000       0x3c ..\obj\stm32f0xx_i2c.o
 .text.I2C_PECRequestCmd
                0x00000000       0x3c ..\obj\stm32f0xx_i2c.o
 .text.I2C_GetPEC
                0x00000000       0x18 ..\obj\stm32f0xx_i2c.o
 .text.I2C_ReadRegister
                0x00000000       0x2c ..\obj\stm32f0xx_i2c.o
 .text.I2C_SendData
                0x00000000       0x1c ..\obj\stm32f0xx_i2c.o
 .text.I2C_ReceiveData
                0x00000000       0x18 ..\obj\stm32f0xx_i2c.o
 .text.I2C_DMACmd
                0x00000000       0x38 ..\obj\stm32f0xx_i2c.o
 .text.I2C_GetFlagStatus
                0x00000000       0x4c ..\obj\stm32f0xx_i2c.o
 .text.I2C_ClearFlag
                0x00000000       0x18 ..\obj\stm32f0xx_i2c.o
 .text.I2C_GetITStatus
                0x00000000       0x88 ..\obj\stm32f0xx_i2c.o
 .text.I2C_ClearITPendingBit
                0x00000000       0x18 ..\obj\stm32f0xx_i2c.o
 .debug_info    0x00000000      0xbb3 ..\obj\stm32f0xx_i2c.o
 .debug_abbrev  0x00000000      0x185 ..\obj\stm32f0xx_i2c.o
 .debug_aranges
                0x00000000      0x168 ..\obj\stm32f0xx_i2c.o
 .debug_ranges  0x00000000      0x158 ..\obj\stm32f0xx_i2c.o
 .debug_line    0x00000000      0x532 ..\obj\stm32f0xx_i2c.o
 .debug_str     0x00000000      0x632 ..\obj\stm32f0xx_i2c.o
 .comment       0x00000000       0x71 ..\obj\stm32f0xx_i2c.o
 .ARM.attributes
                0x00000000       0x31 ..\obj\stm32f0xx_i2c.o
 .debug_frame   0x00000000      0x550 ..\obj\stm32f0xx_i2c.o
 .text          0x00000000        0x0 ..\obj\system_stm32f0xx_temp.o
 .bss           0x00000000        0x0 ..\obj\system_stm32f0xx_temp.o
 .text.SystemCoreClockUpdate1
                0x00000000       0xd0 ..\obj\system_stm32f0xx_temp.o
 .text          0x00000000        0x0 ..\obj\stm32f0xx_gpio.o
 .data          0x00000000        0x0 ..\obj\stm32f0xx_gpio.o
 .bss           0x00000000        0x0 ..\obj\stm32f0xx_gpio.o
 .text.GPIO_DeInit
                0x00000000       0xf0 ..\obj\stm32f0xx_gpio.o
 .text.GPIO_StructInit
                0x00000000       0x30 ..\obj\stm32f0xx_gpio.o
 .text.GPIO_PinLockConfig
                0x00000000       0x44 ..\obj\stm32f0xx_gpio.o
 .text.GPIO_ReadInputDataBit
                0x00000000       0x48 ..\obj\stm32f0xx_gpio.o
 .text.GPIO_ReadInputData
                0x00000000       0x18 ..\obj\stm32f0xx_gpio.o
 .text.GPIO_ReadOutputDataBit
                0x00000000       0x48 ..\obj\stm32f0xx_gpio.o
 .text.GPIO_ReadOutputData
                0x00000000       0x18 ..\obj\stm32f0xx_gpio.o
 .text.GPIO_SetBits
                0x00000000       0x1c ..\obj\stm32f0xx_gpio.o
 .text.GPIO_ResetBits
                0x00000000       0x1c ..\obj\stm32f0xx_gpio.o
 .text.GPIO_WriteBit
                0x00000000       0x30 ..\obj\stm32f0xx_gpio.o
 .text.GPIO_Write
                0x00000000       0x1c ..\obj\stm32f0xx_gpio.o
 .text.GPIO_PinAFConfig
                0x00000000       0x9c ..\obj\stm32f0xx_gpio.o
 .text          0x00000000        0x0 ..\obj\stm32f0xx_comp.o
 .data          0x00000000        0x0 ..\obj\stm32f0xx_comp.o
 .bss           0x00000000        0x0 ..\obj\stm32f0xx_comp.o
 .text.COMP_DeInit
                0x00000000       0x14 ..\obj\stm32f0xx_comp.o
 .text.COMP_Init
                0x00000000       0x64 ..\obj\stm32f0xx_comp.o
 .text.COMP_StructInit
                0x00000000       0x2c ..\obj\stm32f0xx_comp.o
 .text.COMP_Cmd
                0x00000000       0x4c ..\obj\stm32f0xx_comp.o
 .text.COMP_SwitchCmd
                0x00000000       0x38 ..\obj\stm32f0xx_comp.o
 .text.COMP_GetOutputLevel
                0x00000000       0x3c ..\obj\stm32f0xx_comp.o
 .text.COMP_WindowCmd
                0x00000000       0x40 ..\obj\stm32f0xx_comp.o
 .text.COMP_LockConfig
                0x00000000       0x28 ..\obj\stm32f0xx_comp.o
 .debug_info    0x00000000      0x271 ..\obj\stm32f0xx_comp.o
 .debug_abbrev  0x00000000      0x15c ..\obj\stm32f0xx_comp.o
 .debug_aranges
                0x00000000       0x58 ..\obj\stm32f0xx_comp.o
 .debug_ranges  0x00000000       0x48 ..\obj\stm32f0xx_comp.o
 .debug_line    0x00000000      0x25a ..\obj\stm32f0xx_comp.o
 .debug_str     0x00000000      0x28f ..\obj\stm32f0xx_comp.o
 .comment       0x00000000       0x71 ..\obj\stm32f0xx_comp.o
 .ARM.attributes
                0x00000000       0x31 ..\obj\stm32f0xx_comp.o
 .debug_frame   0x00000000      0x10c ..\obj\stm32f0xx_comp.o
 .text          0x00000000        0x0 ..\obj\stm32f0xx_rtc.o
 .data          0x00000000        0x0 ..\obj\stm32f0xx_rtc.o
 .bss           0x00000000        0x0 ..\obj\stm32f0xx_rtc.o
 .text.RTC_DeInit
                0x00000000       0xac ..\obj\stm32f0xx_rtc.o
 .text.RTC_Init
                0x00000000       0x88 ..\obj\stm32f0xx_rtc.o
 .text.RTC_StructInit
                0x00000000       0x20 ..\obj\stm32f0xx_rtc.o
 .text.RTC_WriteProtectionCmd
                0x00000000       0x34 ..\obj\stm32f0xx_rtc.o
 .text.RTC_EnterInitMode
                0x00000000       0x80 ..\obj\stm32f0xx_rtc.o
 .text.RTC_ExitInitMode
                0x00000000       0x18 ..\obj\stm32f0xx_rtc.o
 .text.RTC_WaitForSynchro
                0x00000000       0x98 ..\obj\stm32f0xx_rtc.o
 .text.RTC_RefClockCmd
                0x00000000       0x7c ..\obj\stm32f0xx_rtc.o
 .text.RTC_BypassShadowCmd
                0x00000000       0x4c ..\obj\stm32f0xx_rtc.o
 .text.RTC_SetTime
                0x00000000      0x128 ..\obj\stm32f0xx_rtc.o
 .text.RTC_TimeStructInit
                0x00000000       0x28 ..\obj\stm32f0xx_rtc.o
 .text.RTC_GetTime
                0x00000000       0xa0 ..\obj\stm32f0xx_rtc.o
 .text.RTC_GetSubSecond
                0x00000000       0x24 ..\obj\stm32f0xx_rtc.o
 .text.RTC_SetDate
                0x00000000      0x134 ..\obj\stm32f0xx_rtc.o
 .text.RTC_DateStructInit
                0x00000000       0x28 ..\obj\stm32f0xx_rtc.o
 .text.RTC_GetDate
                0x00000000       0xa8 ..\obj\stm32f0xx_rtc.o
 .text.RTC_SetAlarm
                0x00000000      0x124 ..\obj\stm32f0xx_rtc.o
 .text.RTC_AlarmStructInit
                0x00000000       0x38 ..\obj\stm32f0xx_rtc.o
 .text.RTC_GetAlarm
                0x00000000       0xd8 ..\obj\stm32f0xx_rtc.o
 .text.RTC_AlarmCmd
                0x00000000       0xb0 ..\obj\stm32f0xx_rtc.o
 .text.RTC_AlarmSubSecondConfig
                0x00000000       0x40 ..\obj\stm32f0xx_rtc.o
 .text.RTC_GetAlarmSubSecond
                0x00000000       0x24 ..\obj\stm32f0xx_rtc.o
 .text.RTC_WakeUpClockConfig
                0x00000000       0x3c ..\obj\stm32f0xx_rtc.o
 .text.RTC_SetWakeUpCounter
                0x00000000       0x2c ..\obj\stm32f0xx_rtc.o
 .text.RTC_GetWakeUpCounter
                0x00000000       0x18 ..\obj\stm32f0xx_rtc.o
 .text.RTC_WakeUpCmd
                0x00000000       0xac ..\obj\stm32f0xx_rtc.o
 .text.RTC_DayLightSavingConfig
                0x00000000       0x48 ..\obj\stm32f0xx_rtc.o
 .text.RTC_GetStoreOperation
                0x00000000       0x18 ..\obj\stm32f0xx_rtc.o
 .text.RTC_OutputConfig
                0x00000000       0x48 ..\obj\stm32f0xx_rtc.o
 .text.RTC_CalibOutputCmd
                0x00000000       0x50 ..\obj\stm32f0xx_rtc.o
 .text.RTC_CalibOutputConfig
                0x00000000       0x40 ..\obj\stm32f0xx_rtc.o
 .text.RTC_SmoothCalibConfig
                0x00000000       0x94 ..\obj\stm32f0xx_rtc.o
 .text.RTC_TimeStampCmd
                0x00000000       0x64 ..\obj\stm32f0xx_rtc.o
 .text.RTC_GetTimeStamp
                0x00000000      0x120 ..\obj\stm32f0xx_rtc.o
 .text.RTC_GetTimeStampSubSecond
                0x00000000       0x14 ..\obj\stm32f0xx_rtc.o
 .text.RTC_TamperTriggerConfig
                0x00000000       0x3c ..\obj\stm32f0xx_rtc.o
 .text.RTC_TamperCmd
                0x00000000       0x3c ..\obj\stm32f0xx_rtc.o
 .text.RTC_TamperFilterConfig
                0x00000000       0x30 ..\obj\stm32f0xx_rtc.o
 .text.RTC_TamperSamplingFreqConfig
                0x00000000       0x30 ..\obj\stm32f0xx_rtc.o
 .text.RTC_TamperPinsPrechargeDuration
                0x00000000       0x30 ..\obj\stm32f0xx_rtc.o
 .text.RTC_TimeStampOnTamperDetectionCmd
                0x00000000       0x38 ..\obj\stm32f0xx_rtc.o
 .text.RTC_TamperPullUpCmd
                0x00000000       0x40 ..\obj\stm32f0xx_rtc.o
 .text.RTC_WriteBackupRegister
                0x00000000       0x2c ..\obj\stm32f0xx_rtc.o
 .text.RTC_ReadBackupRegister
                0x00000000       0x2c ..\obj\stm32f0xx_rtc.o
 .text.RTC_OutputTypeConfig
                0x00000000       0x30 ..\obj\stm32f0xx_rtc.o
 .text.RTC_SynchroShiftConfig
                0x00000000       0xb0 ..\obj\stm32f0xx_rtc.o
 .text.RTC_ITConfig
                0x00000000       0x78 ..\obj\stm32f0xx_rtc.o
 .text.RTC_GetFlagStatus
                0x00000000       0x50 ..\obj\stm32f0xx_rtc.o
 .text.RTC_ClearFlag
                0x00000000       0x30 ..\obj\stm32f0xx_rtc.o
 .text.RTC_GetITStatus
                0x00000000       0x80 ..\obj\stm32f0xx_rtc.o
 .text.RTC_ClearITPendingBit
                0x00000000       0x38 ..\obj\stm32f0xx_rtc.o
 .text.RTC_ByteToBcd2
                0x00000000       0x50 ..\obj\stm32f0xx_rtc.o
 .text.RTC_Bcd2ToByte
                0x00000000       0x48 ..\obj\stm32f0xx_rtc.o
 .debug_info    0x00000000      0xf06 ..\obj\stm32f0xx_rtc.o
 .debug_abbrev  0x00000000      0x1b5 ..\obj\stm32f0xx_rtc.o
 .debug_aranges
                0x00000000      0x1c0 ..\obj\stm32f0xx_rtc.o
 .debug_ranges  0x00000000      0x1b0 ..\obj\stm32f0xx_rtc.o
 .debug_line    0x00000000      0x75e ..\obj\stm32f0xx_rtc.o
 .debug_str     0x00000000      0xa3f ..\obj\stm32f0xx_rtc.o
 .comment       0x00000000       0x71 ..\obj\stm32f0xx_rtc.o
 .ARM.attributes
                0x00000000       0x31 ..\obj\stm32f0xx_rtc.o
 .debug_frame   0x00000000      0x6a0 ..\obj\stm32f0xx_rtc.o
 .text          0x00000000        0x0 ..\obj\stm32f0xx_usart.o
 .data          0x00000000        0x0 ..\obj\stm32f0xx_usart.o
 .bss           0x00000000        0x0 ..\obj\stm32f0xx_usart.o
 .text.USART_DeInit
                0x00000000      0x124 ..\obj\stm32f0xx_usart.o
 .text.USART_Init
                0x00000000      0x18c ..\obj\stm32f0xx_usart.o
 .text.USART_StructInit
                0x00000000       0x34 ..\obj\stm32f0xx_usart.o
 .text.USART_ClockInit
                0x00000000       0x48 ..\obj\stm32f0xx_usart.o
 .text.USART_ClockStructInit
                0x00000000       0x28 ..\obj\stm32f0xx_usart.o
 .text.USART_Cmd
                0x00000000       0x3c ..\obj\stm32f0xx_usart.o
 .text.USART_DirectionModeCmd
                0x00000000       0x38 ..\obj\stm32f0xx_usart.o
 .text.USART_OverSampling8Cmd
                0x00000000       0x3c ..\obj\stm32f0xx_usart.o
 .text.USART_OneBitMethodCmd
                0x00000000       0x3c ..\obj\stm32f0xx_usart.o
 .text.USART_MSBFirstCmd
                0x00000000       0x3c ..\obj\stm32f0xx_usart.o
 .text.USART_DataInvCmd
                0x00000000       0x3c ..\obj\stm32f0xx_usart.o
 .text.USART_InvPinCmd
                0x00000000       0x38 ..\obj\stm32f0xx_usart.o
 .text.USART_SWAPPinCmd
                0x00000000       0x3c ..\obj\stm32f0xx_usart.o
 .text.USART_ReceiverTimeOutCmd
                0x00000000       0x3c ..\obj\stm32f0xx_usart.o
 .text.USART_SetReceiverTimeOut
                0x00000000       0x28 ..\obj\stm32f0xx_usart.o
 .text.USART_SetPrescaler
                0x00000000       0x38 ..\obj\stm32f0xx_usart.o
 .text.USART_STOPModeCmd
                0x00000000       0x3c ..\obj\stm32f0xx_usart.o
 .text.USART_StopModeWakeUpSourceConfig
                0x00000000       0x2c ..\obj\stm32f0xx_usart.o
 .text.USART_AutoBaudRateCmd
                0x00000000       0x3c ..\obj\stm32f0xx_usart.o
 .text.USART_AutoBaudRateConfig
                0x00000000       0x2c ..\obj\stm32f0xx_usart.o
 .text.USART_SendData
                0x00000000       0x24 ..\obj\stm32f0xx_usart.o
 .text.USART_ReceiveData
                0x00000000       0x1c ..\obj\stm32f0xx_usart.o
 .text.USART_SetAddress
                0x00000000       0x30 ..\obj\stm32f0xx_usart.o
 .text.USART_MuteModeCmd
                0x00000000       0x3c ..\obj\stm32f0xx_usart.o
 .text.USART_MuteModeWakeUpConfig
                0x00000000       0x2c ..\obj\stm32f0xx_usart.o
 .text.USART_AddressDetectionConfig
                0x00000000       0x2c ..\obj\stm32f0xx_usart.o
 .text.USART_LINBreakDetectLengthConfig
                0x00000000       0x2c ..\obj\stm32f0xx_usart.o
 .text.USART_LINCmd
                0x00000000       0x3c ..\obj\stm32f0xx_usart.o
 .text.USART_HalfDuplexCmd
                0x00000000       0x3c ..\obj\stm32f0xx_usart.o
 .text.USART_SetGuardTime
                0x00000000       0x3c ..\obj\stm32f0xx_usart.o
 .text.USART_SmartCardCmd
                0x00000000       0x3c ..\obj\stm32f0xx_usart.o
 .text.USART_SmartCardNACKCmd
                0x00000000       0x3c ..\obj\stm32f0xx_usart.o
 .text.USART_SetAutoRetryCount
                0x00000000       0x34 ..\obj\stm32f0xx_usart.o
 .text.USART_SetBlockLength
                0x00000000       0x30 ..\obj\stm32f0xx_usart.o
 .text.USART_IrDAConfig
                0x00000000       0x2c ..\obj\stm32f0xx_usart.o
 .text.USART_IrDACmd
                0x00000000       0x3c ..\obj\stm32f0xx_usart.o
 .text.USART_DECmd
                0x00000000       0x3c ..\obj\stm32f0xx_usart.o
 .text.USART_DEPolarityConfig
                0x00000000       0x2c ..\obj\stm32f0xx_usart.o
 .text.USART_SetDEAssertionTime
                0x00000000       0x30 ..\obj\stm32f0xx_usart.o
 .text.USART_SetDEDeassertionTime
                0x00000000       0x30 ..\obj\stm32f0xx_usart.o
 .text.USART_DMACmd
                0x00000000       0x38 ..\obj\stm32f0xx_usart.o
 .text.USART_DMAReceptionErrorConfig
                0x00000000       0x2c ..\obj\stm32f0xx_usart.o
 .text.USART_ITConfig
                0x00000000       0x84 ..\obj\stm32f0xx_usart.o
 .text.USART_RequestCmd
                0x00000000       0x48 ..\obj\stm32f0xx_usart.o
 .text.USART_OverrunDetectionConfig
                0x00000000       0x2c ..\obj\stm32f0xx_usart.o
 .text.USART_GetFlagStatus
                0x00000000       0x3c ..\obj\stm32f0xx_usart.o
 .text.USART_ClearFlag
                0x00000000       0x18 ..\obj\stm32f0xx_usart.o
 .text.USART_GetITStatus
                0x00000000       0xb4 ..\obj\stm32f0xx_usart.o
 .text.USART_ClearITPendingBit
                0x00000000       0x30 ..\obj\stm32f0xx_usart.o
 .debug_info    0x00000000      0xe54 ..\obj\stm32f0xx_usart.o
 .debug_abbrev  0x00000000      0x15c ..\obj\stm32f0xx_usart.o
 .debug_aranges
                0x00000000      0x1a0 ..\obj\stm32f0xx_usart.o
 .debug_ranges  0x00000000      0x190 ..\obj\stm32f0xx_usart.o
 .debug_line    0x00000000      0x5e5 ..\obj\stm32f0xx_usart.o
 .debug_str     0x00000000      0x984 ..\obj\stm32f0xx_usart.o
 .comment       0x00000000       0x71 ..\obj\stm32f0xx_usart.o
 .ARM.attributes
                0x00000000       0x31 ..\obj\stm32f0xx_usart.o
 .debug_frame   0x00000000      0x630 ..\obj\stm32f0xx_usart.o
 .text          0x00000000        0x0 ..\obj\stm32f0xx_crs.o
 .data          0x00000000        0x0 ..\obj\stm32f0xx_crs.o
 .bss           0x00000000        0x0 ..\obj\stm32f0xx_crs.o
 .text.CRS_DeInit
                0x00000000       0x20 ..\obj\stm32f0xx_crs.o
 .text.CRS_AdjustHSI48CalibrationValue
                0x00000000       0x38 ..\obj\stm32f0xx_crs.o
 .text.CRS_FrequencyErrorCounterCmd
                0x00000000       0x38 ..\obj\stm32f0xx_crs.o
 .text.CRS_AutomaticCalibrationCmd
                0x00000000       0x38 ..\obj\stm32f0xx_crs.o
 .text.CRS_SoftwareSynchronizationGenerate
                0x00000000       0x18 ..\obj\stm32f0xx_crs.o
 .text.CRS_FrequencyErrorCounterReload
                0x00000000       0x2c ..\obj\stm32f0xx_crs.o
 .text.CRS_FrequencyErrorLimitConfig
                0x00000000       0x34 ..\obj\stm32f0xx_crs.o
 .text.CRS_SynchronizationPrescalerConfig
                0x00000000       0x30 ..\obj\stm32f0xx_crs.o
 .text.CRS_SynchronizationSourceConfig
                0x00000000       0x30 ..\obj\stm32f0xx_crs.o
 .text.CRS_SynchronizationPolarityConfig
                0x00000000       0x2c ..\obj\stm32f0xx_crs.o
 .text.CRS_GetReloadValue
                0x00000000       0x18 ..\obj\stm32f0xx_crs.o
 .text.CRS_GetHSI48CalibrationValue
                0x00000000       0x1c ..\obj\stm32f0xx_crs.o
 .text.CRS_GetFrequencyErrorValue
                0x00000000       0x18 ..\obj\stm32f0xx_crs.o
 .text.CRS_GetFrequencyErrorDirection
                0x00000000       0x18 ..\obj\stm32f0xx_crs.o
 .text.CRS_ITConfig
                0x00000000       0x3c ..\obj\stm32f0xx_crs.o
 .text.CRS_GetFlagStatus
                0x00000000       0x24 ..\obj\stm32f0xx_crs.o
 .text.CRS_ClearFlag
                0x00000000       0x38 ..\obj\stm32f0xx_crs.o
 .text.CRS_GetITStatus
                0x00000000       0x24 ..\obj\stm32f0xx_crs.o
 .text.CRS_ClearITPendingBit
                0x00000000       0x38 ..\obj\stm32f0xx_crs.o
 .debug_info    0x00000000      0x3a6 ..\obj\stm32f0xx_crs.o
 .debug_abbrev  0x00000000      0x163 ..\obj\stm32f0xx_crs.o
 .debug_aranges
                0x00000000       0xb0 ..\obj\stm32f0xx_crs.o
 .debug_ranges  0x00000000       0xa0 ..\obj\stm32f0xx_crs.o
 .debug_line    0x00000000      0x2cf ..\obj\stm32f0xx_crs.o
 .debug_str     0x00000000      0x421 ..\obj\stm32f0xx_crs.o
 .comment       0x00000000       0x71 ..\obj\stm32f0xx_crs.o
 .ARM.attributes
                0x00000000       0x31 ..\obj\stm32f0xx_crs.o
 .debug_frame   0x00000000      0x258 ..\obj\stm32f0xx_crs.o
 .text          0x00000000        0x0 ..\obj\stm32f0xx_tim.o
 .data          0x00000000        0x0 ..\obj\stm32f0xx_tim.o
 .bss           0x00000000        0x0 ..\obj\stm32f0xx_tim.o
 .text.TIM_DeInit
                0x00000000      0x140 ..\obj\stm32f0xx_tim.o
 .text.TIM_TimeBaseInit
                0x00000000       0xf0 ..\obj\stm32f0xx_tim.o
 .text.TIM_TimeBaseStructInit
                0x00000000       0x30 ..\obj\stm32f0xx_tim.o
 .text.TIM_PrescalerConfig
                0x00000000       0x28 ..\obj\stm32f0xx_tim.o
 .text.TIM_CounterModeConfig
                0x00000000       0x54 ..\obj\stm32f0xx_tim.o
 .text.TIM_SetCounter
                0x00000000       0x18 ..\obj\stm32f0xx_tim.o
 .text.TIM_SetAutoreload
                0x00000000       0x18 ..\obj\stm32f0xx_tim.o
 .text.TIM_GetCounter
                0x00000000       0x14 ..\obj\stm32f0xx_tim.o
 .text.TIM_GetPrescaler
                0x00000000       0x18 ..\obj\stm32f0xx_tim.o
 .text.TIM_UpdateDisableConfig
                0x00000000       0x40 ..\obj\stm32f0xx_tim.o
 .text.TIM_UpdateRequestConfig
                0x00000000       0x40 ..\obj\stm32f0xx_tim.o
 .text.TIM_ARRPreloadConfig
                0x00000000       0x40 ..\obj\stm32f0xx_tim.o
 .text.TIM_SelectOnePulseMode
                0x00000000       0x38 ..\obj\stm32f0xx_tim.o
 .text.TIM_SetClockDivision
                0x00000000       0x3c ..\obj\stm32f0xx_tim.o
 .text.TIM_Cmd  0x00000000       0x40 ..\obj\stm32f0xx_tim.o
 .text.TIM_BDTRConfig
                0x00000000       0x4c ..\obj\stm32f0xx_tim.o
 .text.TIM_BDTRStructInit
                0x00000000       0x38 ..\obj\stm32f0xx_tim.o
 .text.TIM_CtrlPWMOutputs
                0x00000000       0x4c ..\obj\stm32f0xx_tim.o
 .text.TIM_OC1Init
                0x00000000      0x1a4 ..\obj\stm32f0xx_tim.o
 .text.TIM_OC2Init
                0x00000000      0x1b8 ..\obj\stm32f0xx_tim.o
 .text.TIM_OC3Init
                0x00000000      0x1a8 ..\obj\stm32f0xx_tim.o
 .text.TIM_OC4Init
                0x00000000      0x134 ..\obj\stm32f0xx_tim.o
 .text.TIM_OCStructInit
                0x00000000       0x40 ..\obj\stm32f0xx_tim.o
 .text.TIM_SelectOCxM
                0x00000000       0xc0 ..\obj\stm32f0xx_tim.o
 .text.TIM_SetCompare1
                0x00000000       0x18 ..\obj\stm32f0xx_tim.o
 .text.TIM_SetCompare2
                0x00000000       0x18 ..\obj\stm32f0xx_tim.o
 .text.TIM_SetCompare3
                0x00000000       0x18 ..\obj\stm32f0xx_tim.o
 .text.TIM_SetCompare4
                0x00000000       0x18 ..\obj\stm32f0xx_tim.o
 .text.TIM_ForcedOC1Config
                0x00000000       0x54 ..\obj\stm32f0xx_tim.o
 .text.TIM_ForcedOC2Config
                0x00000000       0x5c ..\obj\stm32f0xx_tim.o
 .text.TIM_ForcedOC3Config
                0x00000000       0x54 ..\obj\stm32f0xx_tim.o
 .text.TIM_ForcedOC4Config
                0x00000000       0x5c ..\obj\stm32f0xx_tim.o
 .text.TIM_CCPreloadControl
                0x00000000       0x40 ..\obj\stm32f0xx_tim.o
 .text.TIM_OC1PreloadConfig
                0x00000000       0x54 ..\obj\stm32f0xx_tim.o
 .text.TIM_OC2PreloadConfig
                0x00000000       0x5c ..\obj\stm32f0xx_tim.o
 .text.TIM_OC3PreloadConfig
                0x00000000       0x54 ..\obj\stm32f0xx_tim.o
 .text.TIM_OC4PreloadConfig
                0x00000000       0x5c ..\obj\stm32f0xx_tim.o
 .text.TIM_OC1FastConfig
                0x00000000       0x54 ..\obj\stm32f0xx_tim.o
 .text.TIM_OC2FastConfig
                0x00000000       0x5c ..\obj\stm32f0xx_tim.o
 .text.TIM_OC3FastConfig
                0x00000000       0x54 ..\obj\stm32f0xx_tim.o
 .text.TIM_OC4FastConfig
                0x00000000       0x5c ..\obj\stm32f0xx_tim.o
 .text.TIM_ClearOC1Ref
                0x00000000       0x54 ..\obj\stm32f0xx_tim.o
 .text.TIM_ClearOC2Ref
                0x00000000       0x58 ..\obj\stm32f0xx_tim.o
 .text.TIM_ClearOC3Ref
                0x00000000       0x54 ..\obj\stm32f0xx_tim.o
 .text.TIM_ClearOC4Ref
                0x00000000       0x58 ..\obj\stm32f0xx_tim.o
 .text.TIM_OC1PolarityConfig
                0x00000000       0x54 ..\obj\stm32f0xx_tim.o
 .text.TIM_OC1NPolarityConfig
                0x00000000       0x54 ..\obj\stm32f0xx_tim.o
 .text.TIM_OC2PolarityConfig
                0x00000000       0x58 ..\obj\stm32f0xx_tim.o
 .text.TIM_OC2NPolarityConfig
                0x00000000       0x58 ..\obj\stm32f0xx_tim.o
 .text.TIM_OC3PolarityConfig
                0x00000000       0x5c ..\obj\stm32f0xx_tim.o
 .text.TIM_OC3NPolarityConfig
                0x00000000       0x5c ..\obj\stm32f0xx_tim.o
 .text.TIM_OC4PolarityConfig
                0x00000000       0x5c ..\obj\stm32f0xx_tim.o
 .text.TIM_SelectOCREFClear
                0x00000000       0x38 ..\obj\stm32f0xx_tim.o
 .text.TIM_CCxCmd
                0x00000000       0x64 ..\obj\stm32f0xx_tim.o
 .text.TIM_CCxNCmd
                0x00000000       0x64 ..\obj\stm32f0xx_tim.o
 .text.TIM_SelectCOM
                0x00000000       0x40 ..\obj\stm32f0xx_tim.o
 .text.TIM_ICInit
                0x00000000       0xb0 ..\obj\stm32f0xx_tim.o
 .text.TIM_ICStructInit
                0x00000000       0x2c ..\obj\stm32f0xx_tim.o
 .text.TIM_PWMIConfig
                0x00000000       0xe8 ..\obj\stm32f0xx_tim.o
 .text.TIM_GetCapture1
                0x00000000       0x14 ..\obj\stm32f0xx_tim.o
 .text.TIM_GetCapture2
                0x00000000       0x14 ..\obj\stm32f0xx_tim.o
 .text.TIM_GetCapture3
                0x00000000       0x14 ..\obj\stm32f0xx_tim.o
 .text.TIM_GetCapture4
                0x00000000       0x14 ..\obj\stm32f0xx_tim.o
 .text.TIM_SetIC1Prescaler
                0x00000000       0x38 ..\obj\stm32f0xx_tim.o
 .text.TIM_SetIC2Prescaler
                0x00000000       0x40 ..\obj\stm32f0xx_tim.o
 .text.TIM_SetIC3Prescaler
                0x00000000       0x38 ..\obj\stm32f0xx_tim.o
 .text.TIM_SetIC4Prescaler
                0x00000000       0x40 ..\obj\stm32f0xx_tim.o
 .text.TIM_ITConfig
                0x00000000       0x48 ..\obj\stm32f0xx_tim.o
 .text.TIM_GenerateEvent
                0x00000000       0x1c ..\obj\stm32f0xx_tim.o
 .text.TIM_GetFlagStatus
                0x00000000       0x48 ..\obj\stm32f0xx_tim.o
 .text.TIM_ClearFlag
                0x00000000       0x20 ..\obj\stm32f0xx_tim.o
 .text.TIM_GetITStatus
                0x00000000       0x80 ..\obj\stm32f0xx_tim.o
 .text.TIM_ClearITPendingBit
                0x00000000       0x20 ..\obj\stm32f0xx_tim.o
 .text.TIM_DMAConfig
                0x00000000       0x28 ..\obj\stm32f0xx_tim.o
 .text.TIM_DMACmd
                0x00000000       0x48 ..\obj\stm32f0xx_tim.o
 .text.TIM_SelectCCDMA
                0x00000000       0x40 ..\obj\stm32f0xx_tim.o
 .text.TIM_InternalClockConfig
                0x00000000       0x20 ..\obj\stm32f0xx_tim.o
 .text.TIM_ITRxExternalClockConfig
                0x00000000       0x34 ..\obj\stm32f0xx_tim.o
 .text.TIM_TIxExternalClockConfig
                0x00000000       0x7c ..\obj\stm32f0xx_tim.o
 .text.TIM_ETRClockMode1Config
                0x00000000       0x98 ..\obj\stm32f0xx_tim.o
 .text.TIM_ETRClockMode2Config
                0x00000000       0x4c ..\obj\stm32f0xx_tim.o
 .text.TIM_SelectInputTrigger
                0x00000000       0x54 ..\obj\stm32f0xx_tim.o
 .text.TIM_SelectOutputTrigger
                0x00000000       0x38 ..\obj\stm32f0xx_tim.o
 .text.TIM_SelectSlaveMode
                0x00000000       0x38 ..\obj\stm32f0xx_tim.o
 .text.TIM_SelectMasterSlaveMode
                0x00000000       0x38 ..\obj\stm32f0xx_tim.o
 .text.TIM_ETRConfig
                0x00000000       0x7c ..\obj\stm32f0xx_tim.o
 .text.TIM_EncoderInterfaceConfig
                0x00000000       0xf4 ..\obj\stm32f0xx_tim.o
 .text.TIM_SelectHallSensor
                0x00000000       0x40 ..\obj\stm32f0xx_tim.o
 .text.TIM_RemapConfig
                0x00000000       0x20 ..\obj\stm32f0xx_tim.o
 .text.TI1_Config
                0x00000000       0xc8 ..\obj\stm32f0xx_tim.o
 .text.TI2_Config
                0x00000000       0xf0 ..\obj\stm32f0xx_tim.o
 .text.TI3_Config
                0x00000000       0xe8 ..\obj\stm32f0xx_tim.o
 .text.TI4_Config
                0x00000000       0xf8 ..\obj\stm32f0xx_tim.o
 .debug_info    0x00000000     0x1c6b ..\obj\stm32f0xx_tim.o
 .debug_abbrev  0x00000000      0x18c ..\obj\stm32f0xx_tim.o
 .debug_aranges
                0x00000000      0x300 ..\obj\stm32f0xx_tim.o
 .debug_ranges  0x00000000      0x2f0 ..\obj\stm32f0xx_tim.o
 .debug_line    0x00000000      0xa0c ..\obj\stm32f0xx_tim.o
 .debug_str     0x00000000      0xdd6 ..\obj\stm32f0xx_tim.o
 .comment       0x00000000       0x71 ..\obj\stm32f0xx_tim.o
 .ARM.attributes
                0x00000000       0x31 ..\obj\stm32f0xx_tim.o
 .debug_frame   0x00000000      0xbb0 ..\obj\stm32f0xx_tim.o
 .text          0x00000000        0x0 ..\obj\stm32f0xx_it.o
 .data          0x00000000        0x0 ..\obj\stm32f0xx_it.o
 .bss           0x00000000        0x0 ..\obj\stm32f0xx_it.o
 .text          0x00000000        0x0 ..\obj\stm32f0xx_flash.o
 .data          0x00000000        0x0 ..\obj\stm32f0xx_flash.o
 .bss           0x00000000        0x0 ..\obj\stm32f0xx_flash.o
 .text.FLASH_SetLatency
                0x00000000       0x34 ..\obj\stm32f0xx_flash.o
 .text.FLASH_PrefetchBufferCmd
                0x00000000       0x38 ..\obj\stm32f0xx_flash.o
 .text.FLASH_GetPrefetchBufferStatus
                0x00000000       0x34 ..\obj\stm32f0xx_flash.o
 .text.FLASH_Unlock
                0x00000000       0x2c ..\obj\stm32f0xx_flash.o
 .text.FLASH_Lock
                0x00000000       0x18 ..\obj\stm32f0xx_flash.o
 .text.FLASH_ErasePage
                0x00000000       0x7c ..\obj\stm32f0xx_flash.o
 .text.FLASH_EraseAllPages
                0x00000000       0x68 ..\obj\stm32f0xx_flash.o
 .text.FLASH_ProgramWord
                0x00000000       0xb0 ..\obj\stm32f0xx_flash.o
 .text.FLASH_ProgramHalfWord
                0x00000000       0x78 ..\obj\stm32f0xx_flash.o
 .text.FLASH_OB_Unlock
                0x00000000       0x2c ..\obj\stm32f0xx_flash.o
 .text.FLASH_OB_Lock
                0x00000000       0x1c ..\obj\stm32f0xx_flash.o
 .text.FLASH_OB_Launch
                0x00000000       0x1c ..\obj\stm32f0xx_flash.o
 .text.FLASH_OB_Erase
                0x00000000       0xd8 ..\obj\stm32f0xx_flash.o
 .text.FLASH_OB_EnableWRP
                0x00000000      0x188 ..\obj\stm32f0xx_flash.o
 .text.FLASH_OB_RDPConfig
                0x00000000       0xdc ..\obj\stm32f0xx_flash.o
 .text.FLASH_OB_UserConfig
                0x00000000       0xa0 ..\obj\stm32f0xx_flash.o
 .text.FLASH_OB_BOOTConfig
                0x00000000       0x8c ..\obj\stm32f0xx_flash.o
 .text.FLASH_OB_BOOT0Config
                0x00000000       0x8c ..\obj\stm32f0xx_flash.o
 .text.FLASH_OB_BOOT0SWConfig
                0x00000000       0x88 ..\obj\stm32f0xx_flash.o
 .text.FLASH_OB_VDDAConfig
                0x00000000       0x8c ..\obj\stm32f0xx_flash.o
 .text.FLASH_OB_SRAMParityConfig
                0x00000000       0x8c ..\obj\stm32f0xx_flash.o
 .text.FLASH_OB_WriteUser
                0x00000000       0x84 ..\obj\stm32f0xx_flash.o
 .text.FLASH_OB_ProgramData
                0x00000000       0x84 ..\obj\stm32f0xx_flash.o
 .text.FLASH_OB_GetUser
                0x00000000       0x18 ..\obj\stm32f0xx_flash.o
 .text.FLASH_OB_GetWRP
                0x00000000       0x14 ..\obj\stm32f0xx_flash.o
 .text.FLASH_OB_GetRDP
                0x00000000       0x38 ..\obj\stm32f0xx_flash.o
 .text.FLASH_ITConfig
                0x00000000       0x3c ..\obj\stm32f0xx_flash.o
 .text.FLASH_GetFlagStatus
                0x00000000       0x40 ..\obj\stm32f0xx_flash.o
 .text.FLASH_ClearFlag
                0x00000000       0x18 ..\obj\stm32f0xx_flash.o
 .text.FLASH_GetStatus
                0x00000000       0x58 ..\obj\stm32f0xx_flash.o
 .text.FLASH_WaitForLastOperation
                0x00000000       0x5c ..\obj\stm32f0xx_flash.o
 .debug_info    0x00000000      0x834 ..\obj\stm32f0xx_flash.o
 .debug_abbrev  0x00000000      0x1d7 ..\obj\stm32f0xx_flash.o
 .debug_aranges
                0x00000000      0x110 ..\obj\stm32f0xx_flash.o
 .debug_ranges  0x00000000      0x100 ..\obj\stm32f0xx_flash.o
 .debug_line    0x00000000      0x4c5 ..\obj\stm32f0xx_flash.o
 .debug_str     0x00000000      0x5c6 ..\obj\stm32f0xx_flash.o
 .comment       0x00000000       0x71 ..\obj\stm32f0xx_flash.o
 .ARM.attributes
                0x00000000       0x31 ..\obj\stm32f0xx_flash.o
 .debug_frame   0x00000000      0x3d4 ..\obj\stm32f0xx_flash.o
 .text          0x00000000        0x0 ..\obj\stm32f0xx_exti.o
 .data          0x00000000        0x0 ..\obj\stm32f0xx_exti.o
 .bss           0x00000000        0x0 ..\obj\stm32f0xx_exti.o
 .text.EXTI_DeInit
                0x00000000       0x34 ..\obj\stm32f0xx_exti.o
 .text.EXTI_Init
                0x00000000       0xd8 ..\obj\stm32f0xx_exti.o
 .text.EXTI_StructInit
                0x00000000       0x28 ..\obj\stm32f0xx_exti.o
 .text.EXTI_GenerateSWInterrupt
                0x00000000       0x20 ..\obj\stm32f0xx_exti.o
 .text.EXTI_GetFlagStatus
                0x00000000       0x40 ..\obj\stm32f0xx_exti.o
 .text.EXTI_ClearFlag
                0x00000000       0x18 ..\obj\stm32f0xx_exti.o
 .text.EXTI_GetITStatus
                0x00000000       0x40 ..\obj\stm32f0xx_exti.o
 .text.EXTI_ClearITPendingBit
                0x00000000       0x18 ..\obj\stm32f0xx_exti.o
 .debug_info    0x00000000      0x30d ..\obj\stm32f0xx_exti.o
 .debug_abbrev  0x00000000      0x192 ..\obj\stm32f0xx_exti.o
 .debug_aranges
                0x00000000       0x58 ..\obj\stm32f0xx_exti.o
 .debug_ranges  0x00000000       0x48 ..\obj\stm32f0xx_exti.o
 .debug_line    0x00000000      0x25f ..\obj\stm32f0xx_exti.o
 .debug_str     0x00000000      0x327 ..\obj\stm32f0xx_exti.o
 .comment       0x00000000       0x71 ..\obj\stm32f0xx_exti.o
 .ARM.attributes
                0x00000000       0x31 ..\obj\stm32f0xx_exti.o
 .debug_frame   0x00000000      0x10c ..\obj\stm32f0xx_exti.o
 .text          0x00000000        0x0 ..\obj\stm32f0xx_wwdg.o
 .data          0x00000000        0x0 ..\obj\stm32f0xx_wwdg.o
 .bss           0x00000000        0x0 ..\obj\stm32f0xx_wwdg.o
 .text.WWDG_DeInit
                0x00000000       0x20 ..\obj\stm32f0xx_wwdg.o
 .text.WWDG_SetPrescaler
                0x00000000       0x34 ..\obj\stm32f0xx_wwdg.o
 .text.WWDG_SetWindowValue
                0x00000000       0x38 ..\obj\stm32f0xx_wwdg.o
 .text.WWDG_EnableIT
                0x00000000       0x1c ..\obj\stm32f0xx_wwdg.o
 .text.WWDG_SetCounter
                0x00000000       0x24 ..\obj\stm32f0xx_wwdg.o
 .text.WWDG_Enable
                0x00000000       0x28 ..\obj\stm32f0xx_wwdg.o
 .text.WWDG_GetFlagStatus
                0x00000000       0x34 ..\obj\stm32f0xx_wwdg.o
 .text.WWDG_ClearFlag
                0x00000000       0x14 ..\obj\stm32f0xx_wwdg.o
 .debug_info    0x00000000      0x233 ..\obj\stm32f0xx_wwdg.o
 .debug_abbrev  0x00000000      0x12f ..\obj\stm32f0xx_wwdg.o
 .debug_aranges
                0x00000000       0x58 ..\obj\stm32f0xx_wwdg.o
 .debug_ranges  0x00000000       0x48 ..\obj\stm32f0xx_wwdg.o
 .debug_line    0x00000000      0x204 ..\obj\stm32f0xx_wwdg.o
 .debug_str     0x00000000      0x266 ..\obj\stm32f0xx_wwdg.o
 .comment       0x00000000       0x71 ..\obj\stm32f0xx_wwdg.o
 .ARM.attributes
                0x00000000       0x31 ..\obj\stm32f0xx_wwdg.o
 .debug_frame   0x00000000      0x104 ..\obj\stm32f0xx_wwdg.o
 .text          0x00000000        0x0 ..\obj\stm32f0xx_dbgmcu.o
 .data          0x00000000        0x0 ..\obj\stm32f0xx_dbgmcu.o
 .bss           0x00000000        0x0 ..\obj\stm32f0xx_dbgmcu.o
 .text.DBGMCU_GetREVID
                0x00000000       0x14 ..\obj\stm32f0xx_dbgmcu.o
 .text.DBGMCU_GetDEVID
                0x00000000       0x18 ..\obj\stm32f0xx_dbgmcu.o
 .text.DBGMCU_Config
                0x00000000       0x3c ..\obj\stm32f0xx_dbgmcu.o
 .text.DBGMCU_APB1PeriphConfig
                0x00000000       0x3c ..\obj\stm32f0xx_dbgmcu.o
 .text.DBGMCU_APB2PeriphConfig
                0x00000000       0x3c ..\obj\stm32f0xx_dbgmcu.o
 .debug_info    0x00000000      0x1b1 ..\obj\stm32f0xx_dbgmcu.o
 .debug_abbrev  0x00000000       0xe5 ..\obj\stm32f0xx_dbgmcu.o
 .debug_aranges
                0x00000000       0x40 ..\obj\stm32f0xx_dbgmcu.o
 .debug_ranges  0x00000000       0x30 ..\obj\stm32f0xx_dbgmcu.o
 .debug_line    0x00000000      0x1cb ..\obj\stm32f0xx_dbgmcu.o
 .debug_str     0x00000000      0x21b ..\obj\stm32f0xx_dbgmcu.o
 .comment       0x00000000       0x71 ..\obj\stm32f0xx_dbgmcu.o
 .ARM.attributes
                0x00000000       0x31 ..\obj\stm32f0xx_dbgmcu.o
 .debug_frame   0x00000000       0xa8 ..\obj\stm32f0xx_dbgmcu.o
 .text          0x00000000        0x0 ..\obj\stm32f0xx_syscfg.o
 .data          0x00000000        0x0 ..\obj\stm32f0xx_syscfg.o
 .bss           0x00000000        0x0 ..\obj\stm32f0xx_syscfg.o
 .text.SYSCFG_DeInit
                0x00000000       0x40 ..\obj\stm32f0xx_syscfg.o
 .text.SYSCFG_MemoryRemapConfig
                0x00000000       0x34 ..\obj\stm32f0xx_syscfg.o
 .text.SYSCFG_DMAChannelRemapConfig
                0x00000000       0x3c ..\obj\stm32f0xx_syscfg.o
 .text.SYSCFG_I2CFastModePlusConfig
                0x00000000       0x3c ..\obj\stm32f0xx_syscfg.o
 .text.SYSCFG_IRDAEnvSelection
                0x00000000       0x2c ..\obj\stm32f0xx_syscfg.o
 .text.SYSCFG_EXTILineConfig
                0x00000000       0x90 ..\obj\stm32f0xx_syscfg.o
 .text.SYSCFG_GetPendingIT
                0x00000000       0x28 ..\obj\stm32f0xx_syscfg.o
 .text.SYSCFG_BreakConfig
                0x00000000       0x20 ..\obj\stm32f0xx_syscfg.o
 .text.SYSCFG_GetFlagStatus
                0x00000000       0x40 ..\obj\stm32f0xx_syscfg.o
 .text.SYSCFG_ClearFlag
                0x00000000       0x20 ..\obj\stm32f0xx_syscfg.o
 .debug_info    0x00000000      0x339 ..\obj\stm32f0xx_syscfg.o
 .debug_abbrev  0x00000000      0x161 ..\obj\stm32f0xx_syscfg.o
 .debug_aranges
                0x00000000       0x68 ..\obj\stm32f0xx_syscfg.o
 .debug_ranges  0x00000000       0x58 ..\obj\stm32f0xx_syscfg.o
 .debug_line    0x00000000      0x236 ..\obj\stm32f0xx_syscfg.o
 .debug_str     0x00000000      0x370 ..\obj\stm32f0xx_syscfg.o
 .comment       0x00000000       0x71 ..\obj\stm32f0xx_syscfg.o
 .ARM.attributes
                0x00000000       0x31 ..\obj\stm32f0xx_syscfg.o
 .debug_frame   0x00000000      0x150 ..\obj\stm32f0xx_syscfg.o
 .text          0x00000000        0x0 ..\obj\stm32f0xx_pwr.o
 .data          0x00000000        0x0 ..\obj\stm32f0xx_pwr.o
 .bss           0x00000000        0x0 ..\obj\stm32f0xx_pwr.o
 .text.PWR_DeInit
                0x00000000       0x20 ..\obj\stm32f0xx_pwr.o
 .text.PWR_BackupAccessCmd
                0x00000000       0x40 ..\obj\stm32f0xx_pwr.o
 .text.PWR_PVDLevelConfig
                0x00000000       0x34 ..\obj\stm32f0xx_pwr.o
 .text.PWR_PVDCmd
                0x00000000       0x38 ..\obj\stm32f0xx_pwr.o
 .text.PWR_WakeUpPinCmd
                0x00000000       0x3c ..\obj\stm32f0xx_pwr.o
 .text.PWR_EnterSleepMode
                0x00000000       0x34 ..\obj\stm32f0xx_pwr.o
 .text.PWR_EnterSTOPMode
                0x00000000       0x84 ..\obj\stm32f0xx_pwr.o
 .text.PWR_EnterSTANDBYMode
                0x00000000       0x2c ..\obj\stm32f0xx_pwr.o
 .text.PWR_GetFlagStatus
                0x00000000       0x40 ..\obj\stm32f0xx_pwr.o
 .text.PWR_ClearFlag
                0x00000000       0x20 ..\obj\stm32f0xx_pwr.o
 .debug_info    0x00000000      0x3f2 ..\obj\stm32f0xx_pwr.o
 .debug_abbrev  0x00000000      0x186 ..\obj\stm32f0xx_pwr.o
 .debug_aranges
                0x00000000       0x68 ..\obj\stm32f0xx_pwr.o
 .debug_ranges  0x00000000       0x58 ..\obj\stm32f0xx_pwr.o
 .debug_line    0x00000000      0x2b7 ..\obj\stm32f0xx_pwr.o
 .debug_str     0x00000000      0x319 ..\obj\stm32f0xx_pwr.o
 .comment       0x00000000       0x71 ..\obj\stm32f0xx_pwr.o
 .ARM.attributes
                0x00000000       0x31 ..\obj\stm32f0xx_pwr.o
 .debug_frame   0x00000000      0x148 ..\obj\stm32f0xx_pwr.o
 .text          0x00000000        0x0 ..\obj\stm32f0xx_can.o
 .data          0x00000000        0x0 ..\obj\stm32f0xx_can.o
 .bss           0x00000000        0x0 ..\obj\stm32f0xx_can.o
 .text.CAN_DeInit
                0x00000000       0x28 ..\obj\stm32f0xx_can.o
 .text.CAN_Init
                0x00000000      0x1cc ..\obj\stm32f0xx_can.o
 .text.CAN_FilterInit
                0x00000000      0x190 ..\obj\stm32f0xx_can.o
 .text.CAN_StructInit
                0x00000000       0x50 ..\obj\stm32f0xx_can.o
 .text.CAN_SlaveStartBank
                0x00000000       0x74 ..\obj\stm32f0xx_can.o
 .text.CAN_DBGFreeze
                0x00000000       0x3c ..\obj\stm32f0xx_can.o
 .text.CAN_TTComModeCmd
                0x00000000       0xc8 ..\obj\stm32f0xx_can.o
 .text.CAN_Transmit
                0x00000000      0x1dc ..\obj\stm32f0xx_can.o
 .text.CAN_TransmitStatus
                0x00000000       0xd4 ..\obj\stm32f0xx_can.o
 .text.CAN_CancelTransmit
                0x00000000       0x54 ..\obj\stm32f0xx_can.o
 .text.CAN_Receive
                0x00000000      0x1b4 ..\obj\stm32f0xx_can.o
 .text.CAN_FIFORelease
                0x00000000       0x38 ..\obj\stm32f0xx_can.o
 .text.CAN_MessagePending
                0x00000000       0x60 ..\obj\stm32f0xx_can.o
 .text.CAN_OperatingModeRequest
                0x00000000      0x128 ..\obj\stm32f0xx_can.o
 .text.CAN_Sleep
                0x00000000       0x44 ..\obj\stm32f0xx_can.o
 .text.CAN_WakeUp
                0x00000000       0x60 ..\obj\stm32f0xx_can.o
 .text.CAN_GetLastErrorCode
                0x00000000       0x30 ..\obj\stm32f0xx_can.o
 .text.CAN_GetReceiveErrorCounter
                0x00000000       0x2c ..\obj\stm32f0xx_can.o
 .text.CAN_GetLSBTransmitErrorCounter
                0x00000000       0x30 ..\obj\stm32f0xx_can.o
 .text.CAN_ITConfig
                0x00000000       0x38 ..\obj\stm32f0xx_can.o
 .text.CAN_GetFlagStatus
                0x00000000       0xf0 ..\obj\stm32f0xx_can.o
 .text.CAN_ClearFlag
                0x00000000       0x6c ..\obj\stm32f0xx_can.o
 .text.CAN_GetITStatus
                0x00000000      0x1f0 ..\obj\stm32f0xx_can.o
 .text.CAN_ClearITPendingBit
                0x00000000       0xe8 ..\obj\stm32f0xx_can.o
 .text.CheckITStatus
                0x00000000       0x3c ..\obj\stm32f0xx_can.o
 .debug_info    0x00000000      0xb71 ..\obj\stm32f0xx_can.o
 .debug_abbrev  0x00000000      0x1e0 ..\obj\stm32f0xx_can.o
 .debug_aranges
                0x00000000       0xe0 ..\obj\stm32f0xx_can.o
 .debug_ranges  0x00000000       0xd0 ..\obj\stm32f0xx_can.o
 .debug_line    0x00000000      0x52e ..\obj\stm32f0xx_can.o
 .debug_str     0x00000000      0x719 ..\obj\stm32f0xx_can.o
 .comment       0x00000000       0x71 ..\obj\stm32f0xx_can.o
 .ARM.attributes
                0x00000000       0x31 ..\obj\stm32f0xx_can.o
 .debug_frame   0x00000000      0x330 ..\obj\stm32f0xx_can.o
 .text          0x00000000        0x0 ..\obj\stm32f0xx_misc.o
 .data          0x00000000        0x0 ..\obj\stm32f0xx_misc.o
 .bss           0x00000000        0x0 ..\obj\stm32f0xx_misc.o
 .text.NVIC_Init
                0x00000000       0xac ..\obj\stm32f0xx_misc.o
 .text.NVIC_SystemLPConfig
                0x00000000       0x44 ..\obj\stm32f0xx_misc.o
 .text.SysTick_CLKSourceConfig
                0x00000000       0x34 ..\obj\stm32f0xx_misc.o
 .debug_info    0x00000000      0x36a ..\obj\stm32f0xx_misc.o
 .debug_abbrev  0x00000000      0x143 ..\obj\stm32f0xx_misc.o
 .debug_aranges
                0x00000000       0x30 ..\obj\stm32f0xx_misc.o
 .debug_ranges  0x00000000       0x20 ..\obj\stm32f0xx_misc.o
 .debug_line    0x00000000      0x230 ..\obj\stm32f0xx_misc.o
 .debug_str     0x00000000      0x2ee ..\obj\stm32f0xx_misc.o
 .comment       0x00000000       0x71 ..\obj\stm32f0xx_misc.o
 .ARM.attributes
                0x00000000       0x31 ..\obj\stm32f0xx_misc.o
 .debug_frame   0x00000000       0x70 ..\obj\stm32f0xx_misc.o
 .text          0x00000000        0x0 ..\obj\stm32f0xx_dac.o
 .data          0x00000000        0x0 ..\obj\stm32f0xx_dac.o
 .bss           0x00000000        0x0 ..\obj\stm32f0xx_dac.o
 .text.DAC_DeInit
                0x00000000       0x20 ..\obj\stm32f0xx_dac.o
 .text.DAC_Init
                0x00000000       0x68 ..\obj\stm32f0xx_dac.o
 .text.DAC_StructInit
                0x00000000       0x28 ..\obj\stm32f0xx_dac.o
 .text.DAC_Cmd  0x00000000       0x4c ..\obj\stm32f0xx_dac.o
 .text.DAC_SoftwareTriggerCmd
                0x00000000       0x50 ..\obj\stm32f0xx_dac.o
 .text.DAC_DualSoftwareTriggerCmd
                0x00000000       0x38 ..\obj\stm32f0xx_dac.o
 .text.DAC_WaveGenerationCmd
                0x00000000       0x4c ..\obj\stm32f0xx_dac.o
 .text.DAC_SetChannel1Data
                0x00000000       0x34 ..\obj\stm32f0xx_dac.o
 .text.DAC_SetChannel2Data
                0x00000000       0x34 ..\obj\stm32f0xx_dac.o
 .text.DAC_SetDualChannelData
                0x00000000       0x5c ..\obj\stm32f0xx_dac.o
 .text.DAC_GetDataOutputValue
                0x00000000       0x30 ..\obj\stm32f0xx_dac.o
 .text.DAC_DMACmd
                0x00000000       0x50 ..\obj\stm32f0xx_dac.o
 .text.DAC_ITConfig
                0x00000000       0x4c ..\obj\stm32f0xx_dac.o
 .text.DAC_GetFlagStatus
                0x00000000       0x48 ..\obj\stm32f0xx_dac.o
 .text.DAC_ClearFlag
                0x00000000       0x24 ..\obj\stm32f0xx_dac.o
 .text.DAC_GetITStatus
                0x00000000       0x64 ..\obj\stm32f0xx_dac.o
 .text.DAC_ClearITPendingBit
                0x00000000       0x24 ..\obj\stm32f0xx_dac.o
 .debug_info    0x00000000      0x60f ..\obj\stm32f0xx_dac.o
 .debug_abbrev  0x00000000      0x183 ..\obj\stm32f0xx_dac.o
 .debug_aranges
                0x00000000       0xa0 ..\obj\stm32f0xx_dac.o
 .debug_ranges  0x00000000       0x90 ..\obj\stm32f0xx_dac.o
 .debug_line    0x00000000      0x31b ..\obj\stm32f0xx_dac.o
 .debug_str     0x00000000      0x42e ..\obj\stm32f0xx_dac.o
 .comment       0x00000000       0x71 ..\obj\stm32f0xx_dac.o
 .ARM.attributes
                0x00000000       0x31 ..\obj\stm32f0xx_dac.o
 .debug_frame   0x00000000      0x22c ..\obj\stm32f0xx_dac.o
 .data          0x00000000        0x0 c:/program files (x86)/gnu tools arm embedded/4.8 2014q1/bin/../lib/gcc/arm-none-eabi/4.8.3/armv6-m\libgcc.a(_udivsi3.o)
 .bss           0x00000000        0x0 c:/program files (x86)/gnu tools arm embedded/4.8 2014q1/bin/../lib/gcc/arm-none-eabi/4.8.3/armv6-m\libgcc.a(_udivsi3.o)
 .data          0x00000000        0x0 c:/program files (x86)/gnu tools arm embedded/4.8 2014q1/bin/../lib/gcc/arm-none-eabi/4.8.3/armv6-m\libgcc.a(_dvmd_tls.o)
 .bss           0x00000000        0x0 c:/program files (x86)/gnu tools arm embedded/4.8 2014q1/bin/../lib/gcc/arm-none-eabi/4.8.3/armv6-m\libgcc.a(_dvmd_tls.o)

Memory Configuration

Name             Origin             Length             Attributes
rom              0x08000000         0x00010000         xr
ram              0x20000000         0x00002000         xrw
*default*        0x00000000         0xffffffff

Linker script and memory map

                0x20002000                _eram = 0x20002000

.text           0x08000000      0x6ac
 *(.isr_vector)
 .isr_vector    0x08000000       0xc4 ..\obj\startup_stm32f0xx.o
                0x08000000                g_pfnVectors
 *(.text*)
 .text.RCC_AHBPeriphClockCmd
                0x080000c4       0x3c ..\obj\stm32f0xx_rcc.o
                0x080000c4                RCC_AHBPeriphClockCmd
 .text.NVIC_SetPriority
                0x08000100       0xe0 ..\obj\main.o
 .text.SysTick_Config
                0x080001e0       0x48 ..\obj\main.o
 .text.main     0x08000228       0x90 ..\obj\main.o
                0x08000228                main
 .text.Reset_Handler
                0x080002b8       0x4c ..\obj\startup_stm32f0xx.o
                0x080002b8                Reset_Handler
 .text.Default_Handler
                0x08000304        0x2 ..\obj\startup_stm32f0xx.o
                0x08000304                TIM1_CC_IRQHandler
                0x08000304                ADC1_COMP_IRQHandler
                0x08000304                PVD_IRQHandler
                0x08000304                I2C1_IRQHandler
                0x08000304                SPI1_IRQHandler
                0x08000304                TIM6_DAC_IRQHandler
                0x08000304                EXTI2_3_IRQHandler
                0x08000304                I2C2_IRQHandler
                0x08000304                TIM17_IRQHandler
                0x08000304                RTC_IRQHandler
                0x08000304                TIM16_IRQHandler
                0x08000304                TIM3_IRQHandler
                0x08000304                EXTI4_15_IRQHandler
                0x08000304                RCC_IRQHandler
                0x08000304                DMA1_Channel1_IRQHandler
                0x08000304                Default_Handler
                0x08000304                CEC_IRQHandler
                0x08000304                TIM14_IRQHandler
                0x08000304                DMA1_Channel4_5_IRQHandler
                0x08000304                TIM15_IRQHandler
                0x08000304                EXTI0_1_IRQHandler
                0x08000304                SPI2_IRQHandler
                0x08000304                TS_IRQHandler
                0x08000304                WWDG_IRQHandler
                0x08000304                TIM2_IRQHandler
                0x08000304                DMA1_Channel2_3_IRQHandler
                0x08000304                USART2_IRQHandler
                0x08000304                FLASH_IRQHandler
                0x08000304                USART1_IRQHandler
                0x08000304                TIM1_BRK_UP_TRG_COM_IRQHandler
 *fill*         0x08000306        0x2 
 .text.SystemInit1
                0x08000308       0x8c ..\obj\system_stm32f0xx_temp.o
                0x08000308                SystemInit
                0x08000308                SystemInit1
 .text.SetSysClock1
                0x08000394       0xe0 ..\obj\system_stm32f0xx_temp.o
                0x08000394                SetSysClock
 .text.GPIO_Init
                0x08000474      0x138 ..\obj\stm32f0xx_gpio.o
                0x08000474                GPIO_Init
 .text.GPIO_ToggleBit
                0x080005ac       0x28 ..\obj\stm32f0xx_gpio.o
                0x080005ac                GPIO_ToggleBit
 .text.NMI_Handler
                0x080005d4        0x8 ..\obj\stm32f0xx_it.o
                0x080005d4                NMI_Handler
 .text.HardFault_Handler
                0x080005dc        0x8 ..\obj\stm32f0xx_it.o
                0x080005dc                HardFault_Handler
 .text.SVC_Handler
                0x080005e4        0x8 ..\obj\stm32f0xx_it.o
                0x080005e4                SVC_Handler
 .text.PendSV_Handler
                0x080005ec        0x8 ..\obj\stm32f0xx_it.o
                0x080005ec                PendSV_Handler
 .text.SysTick_Handler
                0x080005f4       0x18 ..\obj\stm32f0xx_it.o
                0x080005f4                SysTick_Handler
 .text          0x0800060c       0x9c c:/program files (x86)/gnu tools arm embedded/4.8 2014q1/bin/../lib/gcc/arm-none-eabi/4.8.3/armv6-m\libgcc.a(_udivsi3.o)
                0x0800060c                __aeabi_uidiv
                0x0800060c                __udivsi3
                0x08000694                __aeabi_uidivmod
 .text          0x080006a8        0x4 c:/program files (x86)/gnu tools arm embedded/4.8 2014q1/bin/../lib/gcc/arm-none-eabi/4.8.3/armv6-m\libgcc.a(_dvmd_tls.o)
                0x080006a8                __aeabi_idiv0
                0x080006a8                __aeabi_ldiv0
 *(.init)
 *(.fini)
 *crtbegin.o(.ctors)
 *crtbegin?.o(.ctors)
 *(EXCLUDE_FILE(*crtend.o *crtend?.o) .ctors)
 *(SORT(.ctors.*))
 *(.ctors)
 *crtbegin.o(.dtors)
 *crtbegin?.o(.dtors)
 *(EXCLUDE_FILE(*crtend.o *crtend?.o) .dtors)
 *(SORT(.dtors.*))
 *(.dtors)
 *(.rodata*)
 *(.eh_fram e*)

.glue_7         0x080006ac        0x0
 .glue_7        0x00000000        0x0 linker stubs

.glue_7t        0x080006ac        0x0
 .glue_7t       0x00000000        0x0 linker stubs

.vfp11_veneer   0x080006ac        0x0
 .vfp11_veneer  0x00000000        0x0 linker stubs

.v4_bx          0x080006ac        0x0
 .v4_bx         0x00000000        0x0 linker stubs

.iplt           0x080006ac        0x0
 .iplt          0x00000000        0x0 ..\obj\stm32f0xx_crc.o

.rel.dyn        0x080006ac        0x0
 .rel.iplt      0x00000000        0x0 ..\obj\stm32f0xx_crc.o

.ARM.extab
 *(.ARM.extab* .gnu.linkonce.armextab.*)
                0x080006ac                __exidx_start = .

.ARM.exidx
 *(.ARM.exidx* .gnu.linkonce.armexidx.*)
                0x080006ac                __exidx_end = .
                0x080006ac                __etext = .
                0x080006ac                _sidata = __etext

.data           0x20000000       0x14 load address 0x080006ac
                0x20000000                __data_start__ = .
                0x20000000                _sdata = __data_start__
 *(vtable)
 *(.data*)
 .data          0x20000000       0x14 ..\obj\system_stm32f0xx_temp.o
                0x20000000                SystemCoreClock
                0x20000004                AHBPrescTable
                0x20000014                . = ALIGN (0x4)
                0x20000014                PROVIDE (__preinit_array_start, .)
 *(.preinit_array)
                0x20000014                PROVIDE (__preinit_array_end, .)
                0x20000014                . = ALIGN (0x4)
                0x20000014                PROVIDE (__init_array_start, .)
 *(SORT(.init_array.*))
 *(.init_array)
                0x20000014                PROVIDE (__init_array_end, .)
                0x20000014                . = ALIGN (0x4)
                0x20000014                PROVIDE (__fini_array_start, .)
 *(SORT(.fini_array.*))
 *(.fini_array)
                0x20000014                PROVIDE (__fini_array_end, .)
 *(.jcr*)
                0x20000014                . = ALIGN (0x4)
                0x20000014                __data_end__ = .
                0x20000014                _edata = __data_end__

.igot.plt       0x20000014        0x0 load address 0x080006c0
 .igot.plt      0x00000000        0x0 ..\obj\stm32f0xx_crc.o

.bss            0x20000014        0xc load address 0x080006c0
                0x20000014                . = ALIGN (0x4)
                0x20000014                __bss_start__ = .
                0x20000014                _sbss = __bss_start__
 *(.bss*)
 *(COMMON)
 COMMON         0x20000014        0xc ..\obj\main.o
                0x20000014                GPIO_InitStructure
                0x2000001c                millis
                0x20000020                . = ALIGN (0x4)
                0x20000020                __bss_end__ = .
                0x20000020                _ebss = __bss_end__

.heap           0x20000020        0x0
                0x20000020                __end__ = .
                0x20000020                _end = __end__
                0x20000020                end = __end__
 *(.heap*)
                0x20000020                __HeapLimit = .

.co_stack       0x20000020        0x0
                0x20000020                . = ALIGN (0x8)
 *(.co_stack .co_stack.*)
                0x20002000                __StackTop = (ORIGIN (ram) + 0x2000)
                0x20002000                __StackLimit = (__StackTop - SIZEOF (.co_stack))
                0x20002000                PROVIDE (__stack, __StackTop)
                0x00000001                ASSERT ((__StackLimit >= __HeapLimit), region ram  overflowed with stack)
LOAD ..\obj\stm32f0xx_crc.o
LOAD ..\obj\stm32f0xx_rcc.o
LOAD ..\obj\stm32f0xx_adc.o
LOAD ..\obj\stm32f0xx_iwdg.o
LOAD ..\obj\stm32f0xx_cec.o
LOAD ..\obj\main.o
LOAD ..\obj\startup_stm32f0xx.o
LOAD ..\obj\stm32f0xx_dma.o
LOAD ..\obj\stm32f0xx_spi.o
LOAD ..\obj\stm32f0xx_i2c.o
LOAD ..\obj\system_stm32f0xx_temp.o
LOAD ..\obj\stm32f0xx_gpio.o
LOAD ..\obj\stm32f0xx_comp.o
LOAD ..\obj\stm32f0xx_rtc.o
LOAD ..\obj\stm32f0xx_usart.o
LOAD ..\obj\stm32f0xx_crs.o
LOAD ..\obj\stm32f0xx_tim.o
LOAD ..\obj\stm32f0xx_it.o
LOAD ..\obj\stm32f0xx_flash.o
LOAD ..\obj\stm32f0xx_exti.o
LOAD ..\obj\stm32f0xx_wwdg.o
LOAD ..\obj\stm32f0xx_dbgmcu.o
LOAD ..\obj\stm32f0xx_syscfg.o
LOAD ..\obj\stm32f0xx_pwr.o
LOAD ..\obj\stm32f0xx_can.o
LOAD ..\obj\stm32f0xx_misc.o
LOAD ..\obj\stm32f0xx_dac.o
START GROUP
LOAD c:/program files (x86)/gnu tools arm embedded/4.8 2014q1/bin/../lib/gcc/arm-none-eabi/4.8.3/armv6-m\libgcc.a
LOAD c:/program files (x86)/gnu tools arm embedded/4.8 2014q1/bin/../lib/gcc/arm-none-eabi/4.8.3/../../../../arm-none-eabi/lib/armv6-m\libg.a
LOAD c:/program files (x86)/gnu tools arm embedded/4.8 2014q1/bin/../lib/gcc/arm-none-eabi/4.8.3/../../../../arm-none-eabi/lib/armv6-m\libc.a
END GROUP
OUTPUT(blink.elf elf32-littlearm)

.debug_info     0x00000000     0x1add
 .debug_info    0x00000000      0xa46 ..\obj\stm32f0xx_rcc.o
 .debug_info    0x00000a46      0x614 ..\obj\main.o
 .debug_info    0x0000105a       0xa5 ..\obj\startup_stm32f0xx.o
 .debug_info    0x000010ff      0x2ef ..\obj\system_stm32f0xx_temp.o
 .debug_info    0x000013ee      0x604 ..\obj\stm32f0xx_gpio.o
 .debug_info    0x000019f2       0xeb ..\obj\stm32f0xx_it.o

.debug_abbrev   0x00000000      0x705
 .debug_abbrev  0x00000000      0x1ec ..\obj\stm32f0xx_rcc.o
 .debug_abbrev  0x000001ec      0x1da ..\obj\main.o
 .debug_abbrev  0x000003c6       0x12 ..\obj\startup_stm32f0xx.o
 .debug_abbrev  0x000003d8      0x134 ..\obj\system_stm32f0xx_temp.o
 .debug_abbrev  0x0000050c      0x19b ..\obj\stm32f0xx_gpio.o
 .debug_abbrev  0x000006a7       0x5e ..\obj\stm32f0xx_it.o

.debug_aranges  0x00000000      0x2b0
 .debug_aranges
                0x00000000      0x160 ..\obj\stm32f0xx_rcc.o
 .debug_aranges
                0x00000160       0x30 ..\obj\main.o
 .debug_aranges
                0x00000190       0x28 ..\obj\startup_stm32f0xx.o
 .debug_aranges
                0x000001b8       0x30 ..\obj\system_stm32f0xx_temp.o
 .debug_aranges
                0x000001e8       0x88 ..\obj\stm32f0xx_gpio.o
 .debug_aranges
                0x00000270       0x40 ..\obj\stm32f0xx_it.o

.debug_ranges   0x00000000      0x258
 .debug_ranges  0x00000000      0x150 ..\obj\stm32f0xx_rcc.o
 .debug_ranges  0x00000150       0x20 ..\obj\main.o
 .debug_ranges  0x00000170       0x20 ..\obj\startup_stm32f0xx.o
 .debug_ranges  0x00000190       0x20 ..\obj\system_stm32f0xx_temp.o
 .debug_ranges  0x000001b0       0x78 ..\obj\stm32f0xx_gpio.o
 .debug_ranges  0x00000228       0x30 ..\obj\stm32f0xx_it.o

.debug_line     0x00000000      0xeb5
 .debug_line    0x00000000      0x54f ..\obj\stm32f0xx_rcc.o
 .debug_line    0x0000054f      0x259 ..\obj\main.o
 .debug_line    0x000007a8       0xad ..\obj\startup_stm32f0xx.o
 .debug_line    0x00000855      0x1bb ..\obj\system_stm32f0xx_temp.o
 .debug_line    0x00000a10      0x2f9 ..\obj\stm32f0xx_gpio.o
 .debug_line    0x00000d09      0x1ac ..\obj\stm32f0xx_it.o

.debug_str      0x00000000      0xde2
 .debug_str     0x00000000      0x6fe ..\obj\stm32f0xx_rcc.o
                                0x797 (size before relaxing)
 .debug_str     0x000006fe      0x424 ..\obj\main.o
                                0x56f (size before relaxing)
 .debug_str     0x00000b22       0x9c ..\obj\system_stm32f0xx_temp.o
                                0x294 (size before relaxing)
 .debug_str     0x00000bbe      0x19c ..\obj\stm32f0xx_gpio.o
                                0x493 (size before relaxing)
 .debug_str     0x00000d5a       0x88 ..\obj\stm32f0xx_it.o
                                0x1ac (size before relaxing)

.comment        0x00000000       0x70
 .comment       0x00000000       0x70 ..\obj\stm32f0xx_rcc.o
                                 0x71 (size before relaxing)
 .comment       0x00000000       0x71 ..\obj\main.o
 .comment       0x00000000       0x71 ..\obj\system_stm32f0xx_temp.o
 .comment       0x00000000       0x71 ..\obj\stm32f0xx_gpio.o
 .comment       0x00000000       0x71 ..\obj\stm32f0xx_it.o

.ARM.attributes
                0x00000000       0x2f
 .ARM.attributes
                0x00000000       0x31 ..\obj\stm32f0xx_rcc.o
 .ARM.attributes
                0x00000031       0x31 ..\obj\main.o
 .ARM.attributes
                0x00000062       0x21 ..\obj\startup_stm32f0xx.o
 .ARM.attributes
                0x00000083       0x31 ..\obj\system_stm32f0xx_temp.o
 .ARM.attributes
                0x000000b4       0x31 ..\obj\stm32f0xx_gpio.o
 .ARM.attributes
                0x000000e5       0x31 ..\obj\stm32f0xx_it.o
 .ARM.attributes
                0x00000116       0x1e c:/program files (x86)/gnu tools arm embedded/4.8 2014q1/bin/../lib/gcc/arm-none-eabi/4.8.3/armv6-m\libgcc.a(_udivsi3.o)
 .ARM.attributes
                0x00000134       0x1e c:/program files (x86)/gnu tools arm embedded/4.8 2014q1/bin/../lib/gcc/arm-none-eabi/4.8.3/armv6-m\libgcc.a(_dvmd_tls.o)

.debug_frame    0x00000000      0x890
 .debug_frame   0x00000000      0x524 ..\obj\stm32f0xx_rcc.o
 .debug_frame   0x00000524       0x74 ..\obj\main.o
 .debug_frame   0x00000598       0x6c ..\obj\system_stm32f0xx_temp.o
 .debug_frame   0x00000604      0x1d0 ..\obj\stm32f0xx_gpio.o
 .debug_frame   0x000007d4       0x9c ..\obj\stm32f0xx_it.o
 .debug_frame   0x00000870       0x20 c:/program files (x86)/gnu tools arm embedded/4.8 2014q1/bin/../lib/gcc/arm-none-eabi/4.8.3/armv6-m\libgcc.a(_udivsi3.o)
