
Allocating common symbols
Common symbol       size              file

T0                  0x4               ..\obj\main.o
GPIO_InitStructure  0x8               ..\obj\main.o
msTicks             0x4               ..\obj\main.o

Discarded input sections

 .text          0x00000000        0x0 ..\obj\stm32f4xx_usart.o
 .data          0x00000000        0x0 ..\obj\stm32f4xx_usart.o
 .bss           0x00000000        0x0 ..\obj\stm32f4xx_usart.o
 .text.USART_DeInit
                0x00000000       0xd0 ..\obj\stm32f4xx_usart.o
 .text.USART_StructInit
                0x00000000       0x38 ..\obj\stm32f4xx_usart.o
 .text.USART_ClockInit
                0x00000000       0x54 ..\obj\stm32f4xx_usart.o
 .text.USART_ClockStructInit
                0x00000000       0x2c ..\obj\stm32f4xx_usart.o
 .text.USART_SetPrescaler
                0x00000000       0x38 ..\obj\stm32f4xx_usart.o
 .text.USART_OverSampling8Cmd
                0x00000000       0x44 ..\obj\stm32f4xx_usart.o
 .text.USART_OneBitMethodCmd
                0x00000000       0x40 ..\obj\stm32f4xx_usart.o
 .text.USART_ReceiveData
                0x00000000       0x20 ..\obj\stm32f4xx_usart.o
 .text.USART_SetAddress
                0x00000000       0x38 ..\obj\stm32f4xx_usart.o
 .text.USART_ReceiverWakeUpCmd
                0x00000000       0x40 ..\obj\stm32f4xx_usart.o
 .text.USART_WakeUpConfig
                0x00000000       0x38 ..\obj\stm32f4xx_usart.o
 .text.USART_LINBreakDetectLengthConfig
                0x00000000       0x38 ..\obj\stm32f4xx_usart.o
 .text.USART_LINCmd
                0x00000000       0x40 ..\obj\stm32f4xx_usart.o
 .text.USART_SendBreak
                0x00000000       0x24 ..\obj\stm32f4xx_usart.o
 .text.USART_HalfDuplexCmd
                0x00000000       0x40 ..\obj\stm32f4xx_usart.o
 .text.USART_SetGuardTime
                0x00000000       0x3c ..\obj\stm32f4xx_usart.o
 .text.USART_SmartCardCmd
                0x00000000       0x40 ..\obj\stm32f4xx_usart.o
 .text.USART_SmartCardNACKCmd
                0x00000000       0x40 ..\obj\stm32f4xx_usart.o
 .text.USART_IrDAConfig
                0x00000000       0x38 ..\obj\stm32f4xx_usart.o
 .text.USART_IrDACmd
                0x00000000       0x40 ..\obj\stm32f4xx_usart.o
 .text.USART_DMACmd
                0x00000000       0x48 ..\obj\stm32f4xx_usart.o
 .text.USART_ITConfig
                0x00000000       0x90 ..\obj\stm32f4xx_usart.o
 .text.USART_ClearFlag
                0x00000000       0x20 ..\obj\stm32f4xx_usart.o
 .text.USART_GetITStatus
                0x00000000       0xb0 ..\obj\stm32f4xx_usart.o
 .text.USART_ClearITPendingBit
                0x00000000       0x38 ..\obj\stm32f4xx_usart.o
 .text          0x00000000        0x0 ..\obj\startup_stm32f4xx.o
 .data          0x00000000        0x0 ..\obj\startup_stm32f4xx.o
 .bss           0x00000000        0x0 ..\obj\startup_stm32f4xx.o
 .text          0x00000000        0x0 ..\obj\main.o
 .data          0x00000000        0x0 ..\obj\main.o
 .text          0x00000000        0x0 ..\obj\stm32f4xx_rcc.o
 .bss           0x00000000        0x0 ..\obj\stm32f4xx_rcc.o
 .text.RCC_DeInit
                0x00000000       0x50 ..\obj\stm32f4xx_rcc.o
 .text.RCC_HSEConfig
                0x00000000       0x24 ..\obj\stm32f4xx_rcc.o
 .text.RCC_WaitForHSEStartUp
                0x00000000       0x50 ..\obj\stm32f4xx_rcc.o
 .text.RCC_AdjustHSICalibrationValue
                0x00000000       0x3c ..\obj\stm32f4xx_rcc.o
 .text.RCC_HSICmd
                0x00000000       0x20 ..\obj\stm32f4xx_rcc.o
 .text.RCC_LSEConfig
                0x00000000       0x40 ..\obj\stm32f4xx_rcc.o
 .text.RCC_LSICmd
                0x00000000       0x20 ..\obj\stm32f4xx_rcc.o
 .text.RCC_PLLConfig
                0x00000000       0x3c ..\obj\stm32f4xx_rcc.o
 .text.RCC_PLLCmd
                0x00000000       0x20 ..\obj\stm32f4xx_rcc.o
 .text.RCC_PLLI2SConfig
                0x00000000       0x28 ..\obj\stm32f4xx_rcc.o
 .text.RCC_PLLI2SCmd
                0x00000000       0x20 ..\obj\stm32f4xx_rcc.o
 .text.RCC_ClockSecuritySystemCmd
                0x00000000       0x20 ..\obj\stm32f4xx_rcc.o
 .text.RCC_MCO1Config
                0x00000000       0x3c ..\obj\stm32f4xx_rcc.o
 .text.RCC_MCO2Config
                0x00000000       0x3c ..\obj\stm32f4xx_rcc.o
 .text.RCC_SYSCLKConfig
                0x00000000       0x38 ..\obj\stm32f4xx_rcc.o
 .text.RCC_GetSYSCLKSource
                0x00000000       0x20 ..\obj\stm32f4xx_rcc.o
 .text.RCC_HCLKConfig
                0x00000000       0x38 ..\obj\stm32f4xx_rcc.o
 .text.RCC_PCLK1Config
                0x00000000       0x38 ..\obj\stm32f4xx_rcc.o
 .text.RCC_PCLK2Config
                0x00000000       0x38 ..\obj\stm32f4xx_rcc.o
 .text.RCC_RTCCLKConfig
                0x00000000       0x5c ..\obj\stm32f4xx_rcc.o
 .text.RCC_RTCCLKCmd
                0x00000000       0x20 ..\obj\stm32f4xx_rcc.o
 .text.RCC_BackupResetCmd
                0x00000000       0x20 ..\obj\stm32f4xx_rcc.o
 .text.RCC_I2SCLKConfig
                0x00000000       0x1c ..\obj\stm32f4xx_rcc.o
 .text.RCC_AHB2PeriphClockCmd
                0x00000000       0x3c ..\obj\stm32f4xx_rcc.o
 .text.RCC_AHB3PeriphClockCmd
                0x00000000       0x3c ..\obj\stm32f4xx_rcc.o
 .text.RCC_APB1PeriphClockCmd
                0x00000000       0x3c ..\obj\stm32f4xx_rcc.o
 .text.RCC_AHB1PeriphResetCmd
                0x00000000       0x3c ..\obj\stm32f4xx_rcc.o
 .text.RCC_AHB2PeriphResetCmd
                0x00000000       0x3c ..\obj\stm32f4xx_rcc.o
 .text.RCC_AHB3PeriphResetCmd
                0x00000000       0x3c ..\obj\stm32f4xx_rcc.o
 .text.RCC_APB1PeriphResetCmd
                0x00000000       0x3c ..\obj\stm32f4xx_rcc.o
 .text.RCC_APB2PeriphResetCmd
                0x00000000       0x3c ..\obj\stm32f4xx_rcc.o
 .text.RCC_AHB1PeriphClockLPModeCmd
                0x00000000       0x3c ..\obj\stm32f4xx_rcc.o
 .text.RCC_AHB2PeriphClockLPModeCmd
                0x00000000       0x3c ..\obj\stm32f4xx_rcc.o
 .text.RCC_AHB3PeriphClockLPModeCmd
                0x00000000       0x3c ..\obj\stm32f4xx_rcc.o
 .text.RCC_APB1PeriphClockLPModeCmd
                0x00000000       0x3c ..\obj\stm32f4xx_rcc.o
 .text.RCC_APB2PeriphClockLPModeCmd
                0x00000000       0x3c ..\obj\stm32f4xx_rcc.o
 .text.RCC_ITConfig
                0x00000000       0x48 ..\obj\stm32f4xx_rcc.o
 .text.RCC_GetFlagStatus
                0x00000000       0x74 ..\obj\stm32f4xx_rcc.o
 .text.RCC_ClearFlag
                0x00000000       0x1c ..\obj\stm32f4xx_rcc.o
 .text.RCC_GetITStatus
                0x00000000       0x38 ..\obj\stm32f4xx_rcc.o
 .text.RCC_ClearITPendingBit
                0x00000000       0x20 ..\obj\stm32f4xx_rcc.o
 .text          0x00000000        0x0 ..\obj\printf.o
 .bss           0x00000000        0x0 ..\obj\printf.o
 .text.snprintf
                0x00000000       0x30 ..\obj\printf.o
 .text.fprintf  0x00000000       0x2c ..\obj\printf.o
 .text.sprintf  0x00000000       0x2c ..\obj\printf.o
 .text.puts     0x00000000       0x24 ..\obj\printf.o
 .text          0x00000000        0x0 ..\obj\stm32f4xx_gpio.o
 .data          0x00000000        0x0 ..\obj\stm32f4xx_gpio.o
 .bss           0x00000000        0x0 ..\obj\stm32f4xx_gpio.o
 .text.GPIO_DeInit
                0x00000000      0x120 ..\obj\stm32f4xx_gpio.o
 .text.GPIO_StructInit
                0x00000000       0x34 ..\obj\stm32f4xx_gpio.o
 .text.GPIO_PinLockConfig
                0x00000000       0x44 ..\obj\stm32f4xx_gpio.o
 .text.GPIO_ReadInputDataBit
                0x00000000       0x34 ..\obj\stm32f4xx_gpio.o
 .text.GPIO_ReadInputData
                0x00000000       0x1c ..\obj\stm32f4xx_gpio.o
 .text.GPIO_ReadOutputDataBit
                0x00000000       0x34 ..\obj\stm32f4xx_gpio.o
 .text.GPIO_ReadOutputData
                0x00000000       0x1c ..\obj\stm32f4xx_gpio.o
 .text.GPIO_SetBits
                0x00000000       0x1c ..\obj\stm32f4xx_gpio.o
 .text.GPIO_ResetBits
                0x00000000       0x1c ..\obj\stm32f4xx_gpio.o
 .text.GPIO_Write
                0x00000000       0x1c ..\obj\stm32f4xx_gpio.o
 .text          0x00000000        0x0 ..\obj\system_stm32f4xx.o
 .bss           0x00000000        0x0 ..\obj\system_stm32f4xx.o
 .text.SystemCoreClockUpdate
                0x00000000       0xf8 ..\obj\system_stm32f4xx.o

Memory Configuration

Name             Origin             Length             Attributes
rom              0x08000000         0x00080000         xr
ram              0x20000000         0x00020000         xrw
ram1             0x10000000         0x00010000         xrw
*default*        0x00000000         0xffffffff

Linker script and memory map

                0x20020000                _eram = 0x20020000

.text           0x08000000     0x120c
 *(.isr_vector)
 .isr_vector    0x08000000      0x188 ..\obj\startup_stm32f4xx.o
                0x08000000                g_pfnVectors
 *(.text*)
 .text.USART_Init
                0x08000188      0x174 ..\obj\stm32f4xx_usart.o
                0x08000188                USART_Init
 .text.USART_Cmd
                0x080002fc       0x40 ..\obj\stm32f4xx_usart.o
                0x080002fc                USART_Cmd
 .text.USART_SendData
                0x0800033c       0x24 ..\obj\stm32f4xx_usart.o
                0x0800033c                USART_SendData
 .text.USART_GetFlagStatus
                0x08000360       0x38 ..\obj\stm32f4xx_usart.o
                0x08000360                USART_GetFlagStatus
 .text.Default_Reset_Handler
                0x08000398       0x5c ..\obj\startup_stm32f4xx.o
                0x08000398                Default_Reset_Handler
                0x08000398                Reset_Handler
 .text.Default_Handler
                0x080003f4        0x8 ..\obj\startup_stm32f4xx.o
                0x080003f4                RTC_Alarm_IRQHandler
                0x080003f4                HASH_RNG_IRQHandler
                0x080003f4                EXTI2_IRQHandler
                0x080003f4                TIM8_CC_IRQHandler
                0x080003f4                DebugMon_Handler
                0x080003f4                TIM1_CC_IRQHandler
                0x080003f4                DMA2_Stream5_IRQHandler
                0x080003f4                HardFault_Handler
                0x080003f4                DMA1_Stream5_IRQHandler
                0x080003f4                PVD_IRQHandler
                0x080003f4                SDIO_IRQHandler
                0x080003f4                TAMP_STAMP_IRQHandler
                0x080003f4                PendSV_Handler
                0x080003f4                NMI_Handler
                0x080003f4                CAN2_RX1_IRQHandler
                0x080003f4                EXTI3_IRQHandler
                0x080003f4                TIM8_TRG_COM_TIM14_IRQHandler
                0x080003f4                TIM1_UP_TIM10_IRQHandler
                0x080003f4                TIM8_UP_TIM13_IRQHandler
                0x080003f4                I2C3_ER_IRQHandler
                0x080003f4                EXTI0_IRQHandler
                0x080003f4                I2C2_EV_IRQHandler
                0x080003f4                DMA1_Stream2_IRQHandler
                0x080003f4                CAN1_RX0_IRQHandler
                0x080003f4                FPU_IRQHandler
                0x080003f4                OTG_HS_WKUP_IRQHandler
                0x080003f4                UsageFault_Handler
                0x080003f4                CAN2_SCE_IRQHandler
                0x080003f4                DMA2_Stream2_IRQHandler
                0x080003f4                SPI1_IRQHandler
                0x080003f4                TIM6_DAC_IRQHandler
                0x080003f4                TIM1_BRK_TIM9_IRQHandler
                0x080003f4                DCMI_IRQHandler
                0x080003f4                CAN2_RX0_IRQHandler
                0x080003f4                DMA2_Stream3_IRQHandler
                0x080003f4                USART6_IRQHandler
                0x080003f4                USART3_IRQHandler
                0x080003f4                CRYP_IRQHandler
                0x080003f4                CAN1_RX1_IRQHandler
                0x080003f4                UART5_IRQHandler
                0x080003f4                DMA2_Stream0_IRQHandler
                0x080003f4                TIM4_IRQHandler
                0x080003f4                I2C1_EV_IRQHandler
                0x080003f4                DMA1_Stream6_IRQHandler
                0x080003f4                DMA1_Stream1_IRQHandler
                0x080003f4                UART4_IRQHandler
                0x080003f4                TIM3_IRQHandler
                0x080003f4                RCC_IRQHandler
                0x080003f4                TIM8_BRK_TIM12_IRQHandler
                0x080003f4                EXTI15_10_IRQHandler
                0x080003f4                ADC_IRQHandler
                0x080003f4                DMA1_Stream7_IRQHandler
                0x080003f4                TIM7_IRQHandler
                0x080003f4                CAN2_TX_IRQHandler
                0x080003f4                TIM5_IRQHandler
                0x080003f4                DMA2_Stream7_IRQHandler
                0x080003f4                I2C3_EV_IRQHandler
                0x080003f4                EXTI9_5_IRQHandler
                0x080003f4                RTC_WKUP_IRQHandler
                0x080003f4                ETH_WKUP_IRQHandler
                0x080003f4                SPI2_IRQHandler
                0x080003f4                OTG_HS_EP1_IN_IRQHandler
                0x080003f4                MemManage_Handler
                0x080003f4                DMA1_Stream0_IRQHandler
                0x080003f4                CAN1_TX_IRQHandler
                0x080003f4                SVC_Handler
                0x080003f4                EXTI4_IRQHandler
                0x080003f4                FSMC_IRQHandler
                0x080003f4                ETH_IRQHandler
                0x080003f4                OTG_HS_EP1_OUT_IRQHandler
                0x080003f4                WWDG_IRQHandler
                0x080003f4                TIM2_IRQHandler
                0x080003f4                OTG_FS_WKUP_IRQHandler
                0x080003f4                TIM1_TRG_COM_TIM11_IRQHandler
                0x080003f4                OTG_HS_IRQHandler
                0x080003f4                EXTI1_IRQHandler
                0x080003f4                USART2_IRQHandler
                0x080003f4                I2C2_ER_IRQHandler
                0x080003f4                DMA2_Stream1_IRQHandler
                0x080003f4                CAN1_SCE_IRQHandler
                0x080003f4                FLASH_IRQHandler
                0x080003f4                DMA2_Stream4_IRQHandler
                0x080003f4                BusFault_Handler
                0x080003f4                USART1_IRQHandler
                0x080003f4                OTG_FS_IRQHandler
                0x080003f4                SPI3_IRQHandler
                0x080003f4                DMA1_Stream4_IRQHandler
                0x080003f4                I2C1_ER_IRQHandler
                0x080003f4                DMA2_Stream6_IRQHandler
                0x080003f4                DMA1_Stream3_IRQHandler
 .text.NVIC_SetPriority
                0x080003fc       0x54 ..\obj\main.o
 .text.SysTick_Config
                0x08000450       0x44 ..\obj\main.o
 .text.SysTick_Handler
                0x08000494       0x1c ..\obj\main.o
                0x08000494                SysTick_Handler
 .text.main     0x080004b0       0x8c ..\obj\main.o
                0x080004b0                main
 .text.Init     0x0800053c       0xdc ..\obj\main.o
                0x0800053c                Init
 .text.RCC_GetClocksFreq
                0x08000618      0x154 ..\obj\stm32f4xx_rcc.o
                0x08000618                RCC_GetClocksFreq
 .text.RCC_AHB1PeriphClockCmd
                0x0800076c       0x3c ..\obj\stm32f4xx_rcc.o
                0x0800076c                RCC_AHB1PeriphClockCmd
 .text.RCC_APB2PeriphClockCmd
                0x080007a8       0x3c ..\obj\stm32f4xx_rcc.o
                0x080007a8                RCC_APB2PeriphClockCmd
 .text.PrintChar
                0x080007e4       0x30 ..\obj\printf.o
                0x080007e4                PrintChar
 .text.PutChar  0x08000814       0x20 ..\obj\printf.o
                0x08000814                PutChar
 .text.PutString
                0x08000834       0x3c ..\obj\printf.o
                0x08000834                PutString
 .text.PutUnsignedInt
                0x08000870       0xa0 ..\obj\printf.o
                0x08000870                PutUnsignedInt
 .text.PutSignedInt
                0x08000910       0xfc ..\obj\printf.o
                0x08000910                PutSignedInt
 .text.PutHexa  0x08000a0c       0xd4 ..\obj\printf.o
                0x08000a0c                PutHexa
 .text.vsnprintf
                0x08000ae0      0x254 ..\obj\printf.o
                0x08000ae0                vsnprintf
 .text.vsprintf
                0x08000d34       0x24 ..\obj\printf.o
                0x08000d34                vsprintf
 .text.vfprintf
                0x08000d58       0x68 ..\obj\printf.o
                0x08000d58                vfprintf
 .text.vprintf  0x08000dc0       0x28 ..\obj\printf.o
                0x08000dc0                vprintf
 .text.printf   0x08000de8       0x28 ..\obj\printf.o
                0x08000de8                printf
 .text.fputc    0x08000e10       0x40 ..\obj\printf.o
                0x08000e10                fputc
 .text.fputs    0x08000e50       0x48 ..\obj\printf.o
                0x08000e50                fputs
 .text.GPIO_Init
                0x08000e98      0x11c ..\obj\stm32f4xx_gpio.o
                0x08000e98                GPIO_Init
 .text.GPIO_WriteBit
                0x08000fb4       0x30 ..\obj\stm32f4xx_gpio.o
                0x08000fb4                GPIO_WriteBit
 .text.GPIO_ToggleBits
                0x08000fe4       0x24 ..\obj\stm32f4xx_gpio.o
                0x08000fe4                GPIO_ToggleBits
 .text.GPIO_PinAFConfig
                0x08001008       0x8c ..\obj\stm32f4xx_gpio.o
                0x08001008                GPIO_PinAFConfig
 .text.SystemInit
                0x08001094       0x58 ..\obj\system_stm32f4xx.o
                0x08001094                SystemInit
 .text.SetSysClock
                0x080010ec       0xf4 ..\obj\system_stm32f4xx.o
 *(.init)
 *(.fini)
 *crtbegin.o(.ctors)
 *crtbegin?.o(.ctors)
 *(EXCLUDE_FILE(*crtend.o *crtend?.o) .ctors)
 *(SORT(.ctors.*))
 *(.ctors)
 *crtbegin.o(.dtors)
 *crtbegin?.o(.dtors)
 *(EXCLUDE_FILE(*crtend.o *crtend?.o) .dtors)
 *(SORT(.dtors.*))
 *(.dtors)
 *(.rodata*)
 .rodata        0x080011e0        0x8 ..\obj\main.o
 .rodata        0x080011e8       0x24 ..\obj\printf.o
 *(.eh_fram e*)

.glue_7         0x0800120c        0x0
 .glue_7        0x00000000        0x0 linker stubs

.glue_7t        0x0800120c        0x0
 .glue_7t       0x00000000        0x0 linker stubs

.vfp11_veneer   0x0800120c        0x0
 .vfp11_veneer  0x00000000        0x0 linker stubs

.v4_bx          0x0800120c        0x0
 .v4_bx         0x00000000        0x0 linker stubs

.iplt           0x0800120c        0x0
 .iplt          0x00000000        0x0 ..\obj\stm32f4xx_usart.o

.rel.dyn        0x0800120c        0x0
 .rel.iplt      0x00000000        0x0 ..\obj\stm32f4xx_usart.o

.ARM.extab
 *(.ARM.extab* .gnu.linkonce.armextab.*)
                0x0800120c                __exidx_start = .

.ARM.exidx
 *(.ARM.exidx* .gnu.linkonce.armexidx.*)
                0x0800120c                __exidx_end = .
                0x0800120c                __etext = .
                0x0800120c                _sidata = __etext

.data           0x20000000      0x454 load address 0x0800120c
                0x20000000                __data_start__ = .
                0x20000000                _sdata = __data_start__
 *(vtable)
 *(.data*)
 .data          0x20000000       0x10 ..\obj\stm32f4xx_rcc.o
 .data          0x20000010      0x430 ..\obj\printf.o
                0x20000010                r
                0x20000438                _impure_ptr
 .data          0x20000440       0x14 ..\obj\system_stm32f4xx.o
                0x20000440                SystemCoreClock
                0x20000444                AHBPrescTable
                0x20000454                . = ALIGN (0x4)
                0x20000454                PROVIDE (__preinit_array_start, .)
 *(.preinit_array)
                0x20000454                PROVIDE (__preinit_array_end, .)
                0x20000454                . = ALIGN (0x4)
                0x20000454                PROVIDE (__init_array_start, .)
 *(SORT(.init_array.*))
 *(.init_array)
                0x20000454                PROVIDE (__init_array_end, .)
                0x20000454                . = ALIGN (0x4)
                0x20000454                PROVIDE (__fini_array_start, .)
 *(SORT(.fini_array.*))
 *(.fini_array)
                0x20000454                PROVIDE (__fini_array_end, .)
 *(.jcr*)
                0x20000454                . = ALIGN (0x4)
                0x20000454                __data_end__ = .
                0x20000454                _edata = __data_end__

.igot.plt       0x20000454        0x0 load address 0x08001660
 .igot.plt      0x00000000        0x0 ..\obj\stm32f4xx_usart.o

.bss            0x20000454       0x18 load address 0x08001660
                0x20000454                . = ALIGN (0x4)
                0x20000454                __bss_start__ = .
                0x20000454                _sbss = __bss_start__
 *(.bss*)
 .bss           0x20000454        0x8 ..\obj\main.o
                0x20000454                T0_bak
                0x20000458                x
 *(COMMON)
 COMMON         0x2000045c       0x10 ..\obj\main.o
                0x2000045c                T0
                0x20000460                GPIO_InitStructure
                0x20000468                msTicks
                0x2000046c                . = ALIGN (0x4)
                0x2000046c                __bss_end__ = .
                0x2000046c                _ebss = __bss_end__

.heap           0x2000046c        0x0
                0x2000046c                __end__ = .
                0x2000046c                _end = __end__
                0x2000046c                end = __end__
 *(.heap*)
                0x2000046c                __HeapLimit = .

.co_stack       0x2000046c      0x804 load address 0x08001678
                0x20000470                . = ALIGN (0x8)
 *fill*         0x2000046c        0x4 
 *(.co_stack .co_stack.*)
 .co_stack      0x20000470      0x800 ..\obj\startup_stm32f4xx.o
                0x20000470                pulStack
                0x20020000                __StackTop = (ORIGIN (ram) + 0x20000)
                0x2001f7fc                __StackLimit = (__StackTop - SIZEOF (.co_stack))
                0x20020000                PROVIDE (__stack, __StackTop)
                0x00000001                ASSERT ((__StackLimit >= __HeapLimit), region ram  overflowed with stack)
LOAD ..\obj\stm32f4xx_usart.o
LOAD ..\obj\startup_stm32f4xx.o
LOAD ..\obj\main.o
LOAD ..\obj\stm32f4xx_rcc.o
LOAD ..\obj\printf.o
LOAD ..\obj\stm32f4xx_gpio.o
LOAD ..\obj\system_stm32f4xx.o
START GROUP
LOAD c:/program files (x86)/gnu tools arm embedded/4.8 2014q1/bin/../lib/gcc/arm-none-eabi/4.8.3/armv7e-m\libgcc.a
LOAD c:/program files (x86)/gnu tools arm embedded/4.8 2014q1/bin/../lib/gcc/arm-none-eabi/4.8.3/../../../../arm-none-eabi/lib/armv7e-m\libg.a
LOAD c:/program files (x86)/gnu tools arm embedded/4.8 2014q1/bin/../lib/gcc/arm-none-eabi/4.8.3/../../../../arm-none-eabi/lib/armv7e-m\libc.a
END GROUP
OUTPUT(Blink_USART1.elf elf32-littlearm)

.debug_info     0x00000000     0x3c25
 .debug_info    0x00000000      0x9c2 ..\obj\stm32f4xx_usart.o
 .debug_info    0x000009c2       0xed ..\obj\startup_stm32f4xx.o
 .debug_info    0x00000aaf      0xa25 ..\obj\main.o
 .debug_info    0x000014d4      0xc4d ..\obj\stm32f4xx_rcc.o
 .debug_info    0x00002121      0xf70 ..\obj\printf.o
 .debug_info    0x00003091      0x602 ..\obj\stm32f4xx_gpio.o
 .debug_info    0x00003693      0x592 ..\obj\system_stm32f4xx.o

.debug_abbrev   0x00000000      0xb76
 .debug_abbrev  0x00000000      0x155 ..\obj\stm32f4xx_usart.o
 .debug_abbrev  0x00000155       0xb0 ..\obj\startup_stm32f4xx.o
 .debug_abbrev  0x00000205      0x1f1 ..\obj\main.o
 .debug_abbrev  0x000003f6      0x1e3 ..\obj\stm32f4xx_rcc.o
 .debug_abbrev  0x000005d9      0x2c4 ..\obj\printf.o
 .debug_abbrev  0x0000089d      0x1a3 ..\obj\stm32f4xx_gpio.o
 .debug_abbrev  0x00000a40      0x136 ..\obj\system_stm32f4xx.o

.debug_aranges  0x00000000      0x438
 .debug_aranges
                0x00000000      0x100 ..\obj\stm32f4xx_usart.o
 .debug_aranges
                0x00000100       0x28 ..\obj\startup_stm32f4xx.o
 .debug_aranges
                0x00000128       0x40 ..\obj\main.o
 .debug_aranges
                0x00000168      0x178 ..\obj\stm32f4xx_rcc.o
 .debug_aranges
                0x000002e0       0xa0 ..\obj\printf.o
 .debug_aranges
                0x00000380       0x88 ..\obj\stm32f4xx_gpio.o
 .debug_aranges
                0x00000408       0x30 ..\obj\system_stm32f4xx.o

.debug_ranges   0x00000000      0x3c8
 .debug_ranges  0x00000000       0xf0 ..\obj\stm32f4xx_usart.o
 .debug_ranges  0x000000f0       0x18 ..\obj\startup_stm32f4xx.o
 .debug_ranges  0x00000108       0x30 ..\obj\main.o
 .debug_ranges  0x00000138      0x168 ..\obj\stm32f4xx_rcc.o
 .debug_ranges  0x000002a0       0x90 ..\obj\printf.o
 .debug_ranges  0x00000330       0x78 ..\obj\stm32f4xx_gpio.o
 .debug_ranges  0x000003a8       0x20 ..\obj\system_stm32f4xx.o

.debug_line     0x00000000     0x1918
 .debug_line    0x00000000      0x4fd ..\obj\stm32f4xx_usart.o
 .debug_line    0x000004fd       0xb4 ..\obj\startup_stm32f4xx.o
 .debug_line    0x000005b1      0x2ed ..\obj\main.o
 .debug_line    0x0000089e      0x5f5 ..\obj\stm32f4xx_rcc.o
 .debug_line    0x00000e93      0x4cf ..\obj\printf.o
 .debug_line    0x00001362      0x39a ..\obj\stm32f4xx_gpio.o
 .debug_line    0x000016fc      0x21c ..\obj\system_stm32f4xx.o

.debug_str      0x00000000     0x1c84
 .debug_str     0x00000000      0x627 ..\obj\stm32f4xx_usart.o
                                0x6a2 (size before relaxing)
 .debug_str     0x00000627       0xc3 ..\obj\startup_stm32f4xx.o
                                0x15a (size before relaxing)
 .debug_str     0x000006ea      0x85e ..\obj\main.o
                                0xaaa (size before relaxing)
 .debug_str     0x00000f48      0x5f6 ..\obj\stm32f4xx_rcc.o
                                0x863 (size before relaxing)
 .debug_str     0x0000153e      0x4db ..\obj\printf.o
                                0x732 (size before relaxing)
 .debug_str     0x00001a19      0x1a4 ..\obj\stm32f4xx_gpio.o
                                0x4b6 (size before relaxing)
 .debug_str     0x00001bbd       0xc7 ..\obj\system_stm32f4xx.o
                                0x3bd (size before relaxing)

.comment        0x00000000       0x70
 .comment       0x00000000       0x70 ..\obj\stm32f4xx_usart.o
                                 0x71 (size before relaxing)
 .comment       0x00000000       0x71 ..\obj\startup_stm32f4xx.o
 .comment       0x00000000       0x71 ..\obj\main.o
 .comment       0x00000000       0x71 ..\obj\stm32f4xx_rcc.o
 .comment       0x00000000       0x71 ..\obj\printf.o
 .comment       0x00000000       0x71 ..\obj\stm32f4xx_gpio.o
 .comment       0x00000000       0x71 ..\obj\system_stm32f4xx.o

.ARM.attributes
                0x00000000       0x33
 .ARM.attributes
                0x00000000       0x33 ..\obj\stm32f4xx_usart.o
 .ARM.attributes
                0x00000033       0x33 ..\obj\startup_stm32f4xx.o
 .ARM.attributes
                0x00000066       0x33 ..\obj\main.o
 .ARM.attributes
                0x00000099       0x33 ..\obj\stm32f4xx_rcc.o
 .ARM.attributes
                0x000000cc       0x33 ..\obj\printf.o
 .ARM.attributes
                0x000000ff       0x33 ..\obj\stm32f4xx_gpio.o
 .ARM.attributes
                0x00000132       0x33 ..\obj\system_stm32f4xx.o

.debug_frame    0x00000000      0xd4c
 .debug_frame   0x00000000      0x344 ..\obj\stm32f4xx_usart.o
 .debug_frame   0x00000344       0x48 ..\obj\startup_stm32f4xx.o
 .debug_frame   0x0000038c       0xa0 ..\obj\main.o
 .debug_frame   0x0000042c      0x4d8 ..\obj\stm32f4xx_rcc.o
 .debug_frame   0x00000904      0x248 ..\obj\printf.o
 .debug_frame   0x00000b4c      0x19c ..\obj\stm32f4xx_gpio.o
 .debug_frame   0x00000ce8       0x64 ..\obj\system_stm32f4xx.o
