
Allocating common symbols
Common symbol       size              file

i                   0x4               ..\obj\main.o
T0                  0x4               ..\obj\main.o
GPIO_InitStructure  0x4               ..\obj\main.o
msTicks             0x4               ..\obj\main.o
NVIC_InitStructure  0x4               ..\obj\main.o

Discarded input sections

 .text          0x00000000        0x0 ..\obj\system_stm32f10x.o
 .bss           0x00000000        0x0 ..\obj\system_stm32f10x.o
 .text.SystemCoreClockUpdate
                0x00000000       0xd8 ..\obj\system_stm32f10x.o
 .text          0x00000000        0x0 ..\obj\startup_stm32f10x_md.o
 .data          0x00000000        0x0 ..\obj\startup_stm32f10x_md.o
 .bss           0x00000000        0x0 ..\obj\startup_stm32f10x_md.o
 .text          0x00000000        0x0 ..\obj\stm32f10x_gpio.o
 .data          0x00000000        0x0 ..\obj\stm32f10x_gpio.o
 .bss           0x00000000        0x0 ..\obj\stm32f10x_gpio.o
 .text.GPIO_DeInit
                0x00000000       0xe4 ..\obj\stm32f10x_gpio.o
 .text.GPIO_AFIODeInit
                0x00000000       0x18 ..\obj\stm32f10x_gpio.o
 .text.GPIO_StructInit
                0x00000000       0x28 ..\obj\stm32f10x_gpio.o
 .text.GPIO_ReadInputDataBit
                0x00000000       0x34 ..\obj\stm32f10x_gpio.o
 .text.GPIO_ReadInputData
                0x00000000       0x1c ..\obj\stm32f10x_gpio.o
 .text.GPIO_ReadOutputDataBit
                0x00000000       0x34 ..\obj\stm32f10x_gpio.o
 .text.GPIO_ReadOutputData
                0x00000000       0x1c ..\obj\stm32f10x_gpio.o
 .text.GPIO_SetBits
                0x00000000       0x1c ..\obj\stm32f10x_gpio.o
 .text.GPIO_ResetBits
                0x00000000       0x1c ..\obj\stm32f10x_gpio.o
 .text.GPIO_WriteBit
                0x00000000       0x30 ..\obj\stm32f10x_gpio.o
 .text.GPIO_Write
                0x00000000       0x1c ..\obj\stm32f10x_gpio.o
 .text.GPIO_PinLockConfig
                0x00000000       0x44 ..\obj\stm32f10x_gpio.o
 .text.GPIO_EventOutputConfig
                0x00000000       0x48 ..\obj\stm32f10x_gpio.o
 .text.GPIO_EventOutputCmd
                0x00000000       0x20 ..\obj\stm32f10x_gpio.o
 .text.GPIO_PinRemapConfig
                0x00000000       0xe0 ..\obj\stm32f10x_gpio.o
 .text.GPIO_EXTILineConfig
                0x00000000       0x7c ..\obj\stm32f10x_gpio.o
 .text.GPIO_ETH_MediaInterfaceConfig
                0x00000000       0x1c ..\obj\stm32f10x_gpio.o
 .text          0x00000000        0x0 ..\obj\main.o
 .data          0x00000000        0x0 ..\obj\main.o
 .text          0x00000000        0x0 ..\obj\printf.o
 .bss           0x00000000        0x0 ..\obj\printf.o
 .text.snprintf
                0x00000000       0x30 ..\obj\printf.o
 .text.fprintf  0x00000000       0x2c ..\obj\printf.o
 .text.sprintf  0x00000000       0x2c ..\obj\printf.o
 .text.puts     0x00000000       0x24 ..\obj\printf.o
 .text          0x00000000        0x0 ..\obj\stm32f10x_rcc.o
 .bss           0x00000000        0x0 ..\obj\stm32f10x_rcc.o
 .text.RCC_DeInit
                0x00000000       0x5c ..\obj\stm32f10x_rcc.o
 .text.RCC_HSEConfig
                0x00000000       0x5c ..\obj\stm32f10x_rcc.o
 .text.RCC_WaitForHSEStartUp
                0x00000000       0x50 ..\obj\stm32f10x_rcc.o
 .text.RCC_AdjustHSICalibrationValue
                0x00000000       0x3c ..\obj\stm32f10x_rcc.o
 .text.RCC_HSICmd
                0x00000000       0x20 ..\obj\stm32f10x_rcc.o
 .text.RCC_PLLConfig
                0x00000000       0x3c ..\obj\stm32f10x_rcc.o
 .text.RCC_PLLCmd
                0x00000000       0x20 ..\obj\stm32f10x_rcc.o
 .text.RCC_SYSCLKConfig
                0x00000000       0x38 ..\obj\stm32f10x_rcc.o
 .text.RCC_GetSYSCLKSource
                0x00000000       0x20 ..\obj\stm32f10x_rcc.o
 .text.RCC_HCLKConfig
                0x00000000       0x38 ..\obj\stm32f10x_rcc.o
 .text.RCC_PCLK1Config
                0x00000000       0x38 ..\obj\stm32f10x_rcc.o
 .text.RCC_PCLK2Config
                0x00000000       0x38 ..\obj\stm32f10x_rcc.o
 .text.RCC_ITConfig
                0x00000000       0x48 ..\obj\stm32f10x_rcc.o
 .text.RCC_USBCLKConfig
                0x00000000       0x1c ..\obj\stm32f10x_rcc.o
 .text.RCC_ADCCLKConfig
                0x00000000       0x38 ..\obj\stm32f10x_rcc.o
 .text.RCC_LSEConfig
                0x00000000       0x40 ..\obj\stm32f10x_rcc.o
 .text.RCC_LSICmd
                0x00000000       0x20 ..\obj\stm32f10x_rcc.o
 .text.RCC_RTCCLKConfig
                0x00000000       0x24 ..\obj\stm32f10x_rcc.o
 .text.RCC_RTCCLKCmd
                0x00000000       0x20 ..\obj\stm32f10x_rcc.o
 .text.RCC_AHBPeriphClockCmd
                0x00000000       0x3c ..\obj\stm32f10x_rcc.o
 .text.RCC_APB1PeriphClockCmd
                0x00000000       0x3c ..\obj\stm32f10x_rcc.o
 .text.RCC_APB2PeriphResetCmd
                0x00000000       0x3c ..\obj\stm32f10x_rcc.o
 .text.RCC_APB1PeriphResetCmd
                0x00000000       0x3c ..\obj\stm32f10x_rcc.o
 .text.RCC_BackupResetCmd
                0x00000000       0x20 ..\obj\stm32f10x_rcc.o
 .text.RCC_ClockSecuritySystemCmd
                0x00000000       0x20 ..\obj\stm32f10x_rcc.o
 .text.RCC_MCOConfig
                0x00000000       0x20 ..\obj\stm32f10x_rcc.o
 .text.RCC_GetFlagStatus
                0x00000000       0x74 ..\obj\stm32f10x_rcc.o
 .text.RCC_ClearFlag
                0x00000000       0x1c ..\obj\stm32f10x_rcc.o
 .text.RCC_GetITStatus
                0x00000000       0x38 ..\obj\stm32f10x_rcc.o
 .text.RCC_ClearITPendingBit
                0x00000000       0x20 ..\obj\stm32f10x_rcc.o
 .text          0x00000000        0x0 ..\obj\stm32f10x_usart.o
 .data          0x00000000        0x0 ..\obj\stm32f10x_usart.o
 .bss           0x00000000        0x0 ..\obj\stm32f10x_usart.o
 .text.USART_DeInit
                0x00000000       0xb8 ..\obj\stm32f10x_usart.o
 .text.USART_StructInit
                0x00000000       0x38 ..\obj\stm32f10x_usart.o
 .text.USART_ClockInit
                0x00000000       0x54 ..\obj\stm32f10x_usart.o
 .text.USART_ClockStructInit
                0x00000000       0x2c ..\obj\stm32f10x_usart.o
 .text.USART_DMACmd
                0x00000000       0x48 ..\obj\stm32f10x_usart.o
 .text.USART_SetAddress
                0x00000000       0x38 ..\obj\stm32f10x_usart.o
 .text.USART_WakeUpConfig
                0x00000000       0x38 ..\obj\stm32f10x_usart.o
 .text.USART_ReceiverWakeUpCmd
                0x00000000       0x40 ..\obj\stm32f10x_usart.o
 .text.USART_LINBreakDetectLengthConfig
                0x00000000       0x38 ..\obj\stm32f10x_usart.o
 .text.USART_LINCmd
                0x00000000       0x40 ..\obj\stm32f10x_usart.o
 .text.USART_SendBreak
                0x00000000       0x24 ..\obj\stm32f10x_usart.o
 .text.USART_SetGuardTime
                0x00000000       0x3c ..\obj\stm32f10x_usart.o
 .text.USART_SetPrescaler
                0x00000000       0x38 ..\obj\stm32f10x_usart.o
 .text.USART_SmartCardCmd
                0x00000000       0x40 ..\obj\stm32f10x_usart.o
 .text.USART_SmartCardNACKCmd
                0x00000000       0x40 ..\obj\stm32f10x_usart.o
 .text.USART_HalfDuplexCmd
                0x00000000       0x40 ..\obj\stm32f10x_usart.o
 .text.USART_OverSampling8Cmd
                0x00000000       0x44 ..\obj\stm32f10x_usart.o
 .text.USART_OneBitMethodCmd
                0x00000000       0x40 ..\obj\stm32f10x_usart.o
 .text.USART_IrDAConfig
                0x00000000       0x38 ..\obj\stm32f10x_usart.o
 .text.USART_IrDACmd
                0x00000000       0x40 ..\obj\stm32f10x_usart.o
 .text.USART_ClearFlag
                0x00000000       0x20 ..\obj\stm32f10x_usart.o
 .text.USART_GetITStatus
                0x00000000       0xb0 ..\obj\stm32f10x_usart.o
 .text.USART_ClearITPendingBit
                0x00000000       0x38 ..\obj\stm32f10x_usart.o
 .text          0x00000000        0x0 ..\obj\misc.o
 .data          0x00000000        0x0 ..\obj\misc.o
 .bss           0x00000000        0x0 ..\obj\misc.o
 .text.NVIC_PriorityGroupConfig
                0x00000000       0x24 ..\obj\misc.o
 .text.NVIC_SetVectorTable
                0x00000000       0x2c ..\obj\misc.o
 .text.NVIC_SystemLPConfig
                0x00000000       0x40 ..\obj\misc.o
 .text.SysTick_CLKSourceConfig
                0x00000000       0x38 ..\obj\misc.o

Memory Configuration

Name             Origin             Length             Attributes
rom              0x08000000         0x00010000         xr
ram              0x20000000         0x00005000         xrw
*default*        0x00000000         0xffffffff

Linker script and memory map

                0x20005000                _eram = 0x20005000

.text           0x08000000     0x1310
 *(.isr_vector)
 .isr_vector    0x08000000      0x10c ..\obj\startup_stm32f10x_md.o
                0x08000000                g_pfnVectors
 *(.text*)
 .text.SystemInit
                0x0800010c       0x68 ..\obj\system_stm32f10x.o
                0x0800010c                SystemInit
 .text.SetSysClock
                0x08000174        0xc ..\obj\system_stm32f10x.o
 .text.SetSysClockTo72
                0x08000180      0x100 ..\obj\system_stm32f10x.o
 .text.Default_Reset_Handler
                0x08000280       0x60 ..\obj\startup_stm32f10x_md.o
                0x08000280                Default_Reset_Handler
                0x08000280                Reset_Handler
 .text.Default_Handler
                0x080002e0        0x8 ..\obj\startup_stm32f10x_md.o
                0x080002e0                EXTI2_IRQHandler
                0x080002e0                DebugMon_Handler
                0x080002e0                TIM1_CC_IRQHandler
                0x080002e0                HardFault_Handler
                0x080002e0                PVD_IRQHandler
                0x080002e0                PendSV_Handler
                0x080002e0                NMI_Handler
                0x080002e0                EXTI3_IRQHandler
                0x080002e0                EXTI0_IRQHandler
                0x080002e0                I2C2_EV_IRQHandler
                0x080002e0                UsageFault_Handler
                0x080002e0                ADC1_2_IRQHandler
                0x080002e0                SPI1_IRQHandler
                0x080002e0                TAMPER_IRQHandler
                0x080002e0                DMA1_Channel4_IRQHandler
                0x080002e0                USART3_IRQHandler
                0x080002e0                RTC_IRQHandler
                0x080002e0                DMA1_Channel7_IRQHandler
                0x080002e0                CAN1_RX1_IRQHandler
                0x080002e0                TIM4_IRQHandler
                0x080002e0                I2C1_EV_IRQHandler
                0x080002e0                DMA1_Channel6_IRQHandler
                0x080002e0                TIM3_IRQHandler
                0x080002e0                RCC_IRQHandler
                0x080002e0                TIM1_TRG_COM_IRQHandler
                0x080002e0                DMA1_Channel1_IRQHandler
                0x080002e0                EXTI15_10_IRQHandler
                0x080002e0                EXTI9_5_IRQHandler
                0x080002e0                SPI2_IRQHandler
                0x080002e0                MemManage_Handler
                0x080002e0                SVC_Handler
                0x080002e0                DMA1_Channel5_IRQHandler
                0x080002e0                EXTI4_IRQHandler
                0x080002e0                USB_LP_CAN1_RX0_IRQHandler
                0x080002e0                USB_HP_CAN1_TX_IRQHandler
                0x080002e0                DMA1_Channel3_IRQHandler
                0x080002e0                TIM1_UP_IRQHandler
                0x080002e0                WWDG_IRQHandler
                0x080002e0                TIM2_IRQHandler
                0x080002e0                TIM1_BRK_IRQHandler
                0x080002e0                EXTI1_IRQHandler
                0x080002e0                RTCAlarm_IRQHandler
                0x080002e0                USART2_IRQHandler
                0x080002e0                I2C2_ER_IRQHandler
                0x080002e0                DMA1_Channel2_IRQHandler
                0x080002e0                CAN1_SCE_IRQHandler
                0x080002e0                FLASH_IRQHandler
                0x080002e0                BusFault_Handler
                0x080002e0                I2C1_ER_IRQHandler
                0x080002e0                USBWakeUp_IRQHandler
 .text.GPIO_Init
                0x080002e8      0x178 ..\obj\stm32f10x_gpio.o
                0x080002e8                GPIO_Init
 .text.GPIO_ToggleBit
                0x08000460       0x28 ..\obj\stm32f10x_gpio.o
                0x08000460                GPIO_ToggleBit
 .text.NVIC_SetPriority
                0x08000488       0x54 ..\obj\main.o
 .text.SysTick_Config
                0x080004dc       0x44 ..\obj\main.o
 .text.SysTick_Handler
                0x08000520       0x1c ..\obj\main.o
                0x08000520                SysTick_Handler
 .text.main     0x0800053c       0x9c ..\obj\main.o
                0x0800053c                main
 .text.Init     0x080005d8       0xd8 ..\obj\main.o
                0x080005d8                Init
 .text.USART1_IRQHandler
                0x080006b0       0x60 ..\obj\main.o
                0x080006b0                USART1_IRQHandler
 .text.PrintChar
                0x08000710       0x30 ..\obj\printf.o
                0x08000710                PrintChar
 .text.PutChar  0x08000740       0x20 ..\obj\printf.o
                0x08000740                PutChar
 .text.PutString
                0x08000760       0x3c ..\obj\printf.o
                0x08000760                PutString
 .text.PutUnsignedInt
                0x0800079c       0xa0 ..\obj\printf.o
                0x0800079c                PutUnsignedInt
 .text.PutSignedInt
                0x0800083c       0xfc ..\obj\printf.o
                0x0800083c                PutSignedInt
 .text.PutHexa  0x08000938       0xd4 ..\obj\printf.o
                0x08000938                PutHexa
 .text.vsnprintf
                0x08000a0c      0x254 ..\obj\printf.o
                0x08000a0c                vsnprintf
 .text.vsprintf
                0x08000c60       0x24 ..\obj\printf.o
                0x08000c60                vsprintf
 .text.vfprintf
                0x08000c84       0x68 ..\obj\printf.o
                0x08000c84                vfprintf
 .text.vprintf  0x08000cec       0x28 ..\obj\printf.o
                0x08000cec                vprintf
 .text.printf   0x08000d14       0x28 ..\obj\printf.o
                0x08000d14                printf
 .text.fputc    0x08000d3c       0x40 ..\obj\printf.o
                0x08000d3c                fputc
 .text.fputs    0x08000d7c       0x48 ..\obj\printf.o
                0x08000d7c                fputs
 .text.RCC_GetClocksFreq
                0x08000dc4      0x164 ..\obj\stm32f10x_rcc.o
                0x08000dc4                RCC_GetClocksFreq
 .text.RCC_APB2PeriphClockCmd
                0x08000f28       0x3c ..\obj\stm32f10x_rcc.o
                0x08000f28                RCC_APB2PeriphClockCmd
 .text.USART_Init
                0x08000f64      0x174 ..\obj\stm32f10x_usart.o
                0x08000f64                USART_Init
 .text.USART_Cmd
                0x080010d8       0x40 ..\obj\stm32f10x_usart.o
                0x080010d8                USART_Cmd
 .text.USART_ITConfig
                0x08001118       0x90 ..\obj\stm32f10x_usart.o
                0x08001118                USART_ITConfig
 .text.USART_SendData
                0x080011a8       0x24 ..\obj\stm32f10x_usart.o
                0x080011a8                USART_SendData
 .text.USART_ReceiveData
                0x080011cc       0x20 ..\obj\stm32f10x_usart.o
                0x080011cc                USART_ReceiveData
 .text.USART_GetFlagStatus
                0x080011ec       0x38 ..\obj\stm32f10x_usart.o
                0x080011ec                USART_GetFlagStatus
 .text.NVIC_Init
                0x08001224       0xc0 ..\obj\misc.o
                0x08001224                NVIC_Init
 *(.init)
 *(.fini)
 *crtbegin.o(.ctors)
 *crtbegin?.o(.ctors)
 *(EXCLUDE_FILE(*crtend.o *crtend?.o) .ctors)
 *(SORT(.ctors.*))
 *(.ctors)
 *crtbegin.o(.dtors)
 *crtbegin?.o(.dtors)
 *(EXCLUDE_FILE(*crtend.o *crtend?.o) .dtors)
 *(SORT(.dtors.*))
 *(.dtors)
 *(.rodata*)
 .rodata        0x080012e4        0x8 ..\obj\main.o
 .rodata        0x080012ec       0x24 ..\obj\printf.o
 *(.eh_fram e*)

.glue_7         0x08001310        0x0
 .glue_7        0x00000000        0x0 linker stubs

.glue_7t        0x08001310        0x0
 .glue_7t       0x00000000        0x0 linker stubs

.vfp11_veneer   0x08001310        0x0
 .vfp11_veneer  0x00000000        0x0 linker stubs

.v4_bx          0x08001310        0x0
 .v4_bx         0x00000000        0x0 linker stubs

.iplt           0x08001310        0x0
 .iplt          0x00000000        0x0 ..\obj\system_stm32f10x.o

.rel.dyn        0x08001310        0x0
 .rel.iplt      0x00000000        0x0 ..\obj\system_stm32f10x.o

.ARM.extab
 *(.ARM.extab* .gnu.linkonce.armextab.*)
                0x08001310                __exidx_start = .

.ARM.exidx
 *(.ARM.exidx* .gnu.linkonce.armexidx.*)
                0x08001310                __exidx_end = .
                0x08001310                __etext = .
                0x08001310                _sidata = __etext

.data           0x20000000      0x45c load address 0x08001310
                0x20000000                __data_start__ = .
                0x20000000                _sdata = __data_start__
 *(vtable)
 *(.data*)
 .data          0x20000000       0x14 ..\obj\system_stm32f10x.o
                0x20000000                SystemCoreClock
                0x20000004                AHBPrescTable
 *fill*         0x20000014        0x4 
 .data          0x20000018      0x430 ..\obj\printf.o
                0x20000018                r
                0x20000440                _impure_ptr
 .data          0x20000448       0x14 ..\obj\stm32f10x_rcc.o
                0x2000045c                . = ALIGN (0x4)
                0x2000045c                PROVIDE (__preinit_array_start, .)
 *(.preinit_array)
                0x2000045c                PROVIDE (__preinit_array_end, .)
                0x2000045c                . = ALIGN (0x4)
                0x2000045c                PROVIDE (__init_array_start, .)
 *(SORT(.init_array.*))
 *(.init_array)
                0x2000045c                PROVIDE (__init_array_end, .)
                0x2000045c                . = ALIGN (0x4)
                0x2000045c                PROVIDE (__fini_array_start, .)
 *(SORT(.fini_array.*))
 *(.fini_array)
                0x2000045c                PROVIDE (__fini_array_end, .)
 *(.jcr*)
                0x2000045c                . = ALIGN (0x4)
                0x2000045c                __data_end__ = .
                0x2000045c                _edata = __data_end__

.igot.plt       0x2000045c        0x0 load address 0x0800176c
 .igot.plt      0x00000000        0x0 ..\obj\system_stm32f10x.o

.bss            0x2000045c       0x2c load address 0x0800176c
                0x2000045c                . = ALIGN (0x4)
                0x2000045c                __bss_start__ = .
                0x2000045c                _sbss = __bss_start__
 *(.bss*)
 .bss           0x2000045c       0x18 ..\obj\main.o
                0x2000045c                T0_bak
                0x20000460                x
                0x20000464                name
                0x20000470                j
 *(COMMON)
 COMMON         0x20000474       0x14 ..\obj\main.o
                0x20000474                i
                0x20000478                T0
                0x2000047c                GPIO_InitStructure
                0x20000480                msTicks
                0x20000484                NVIC_InitStructure
                0x20000488                . = ALIGN (0x4)
                0x20000488                __bss_end__ = .
                0x20000488                _ebss = __bss_end__

.heap           0x20000488        0x0
                0x20000488                __end__ = .
                0x20000488                _end = __end__
                0x20000488                end = __end__
 *(.heap*)
                0x20000488                __HeapLimit = .

.co_stack       0x20000488      0x400 load address 0x08001798
                0x20000488                . = ALIGN (0x8)
 *(.co_stack .co_stack.*)
 .co_stack      0x20000488      0x400 ..\obj\startup_stm32f10x_md.o
                0x20000488                pulStack
                0x20005000                __StackTop = (ORIGIN (ram) + 0x5000)
                0x20004c00                __StackLimit = (__StackTop - SIZEOF (.co_stack))
                0x20005000                PROVIDE (__stack, __StackTop)
                0x00000001                ASSERT ((__StackLimit >= __HeapLimit), region ram  overflowed with stack)
LOAD ..\obj\system_stm32f10x.o
LOAD ..\obj\startup_stm32f10x_md.o
LOAD ..\obj\stm32f10x_gpio.o
LOAD ..\obj\main.o
LOAD ..\obj\printf.o
LOAD ..\obj\stm32f10x_rcc.o
LOAD ..\obj\stm32f10x_usart.o
LOAD ..\obj\misc.o
START GROUP
LOAD c:/program files (x86)/gnu tools arm embedded/4.8 2014q1/bin/../lib/gcc/arm-none-eabi/4.8.3/armv7-m\libgcc.a
LOAD c:/program files (x86)/gnu tools arm embedded/4.8 2014q1/bin/../lib/gcc/arm-none-eabi/4.8.3/../../../../arm-none-eabi/lib/armv7-m\libg.a
LOAD c:/program files (x86)/gnu tools arm embedded/4.8 2014q1/bin/../lib/gcc/arm-none-eabi/4.8.3/../../../../arm-none-eabi/lib/armv7-m\libc.a
END GROUP
OUTPUT(Blink.elf elf32-littlearm)

.debug_info     0x00000000     0x3d05
 .debug_info    0x00000000      0x479 ..\obj\system_stm32f10x.o
 .debug_info    0x00000479       0xe9 ..\obj\startup_stm32f10x_md.o
 .debug_info    0x00000562      0x71c ..\obj\stm32f10x_gpio.o
 .debug_info    0x00000c7e      0x965 ..\obj\main.o
 .debug_info    0x000015e3      0xf70 ..\obj\printf.o
 .debug_info    0x00002553      0x88d ..\obj\stm32f10x_rcc.o
 .debug_info    0x00002de0      0x9e8 ..\obj\stm32f10x_usart.o
 .debug_info    0x000037c8      0x53d ..\obj\misc.o

.debug_abbrev   0x00000000      0xcf2
 .debug_abbrev  0x00000000      0x14c ..\obj\system_stm32f10x.o
 .debug_abbrev  0x0000014c       0xa7 ..\obj\startup_stm32f10x_md.o
 .debug_abbrev  0x000001f3      0x1c8 ..\obj\stm32f10x_gpio.o
 .debug_abbrev  0x000003bb      0x212 ..\obj\main.o
 .debug_abbrev  0x000005cd      0x2c4 ..\obj\printf.o
 .debug_abbrev  0x00000891      0x1ba ..\obj\stm32f10x_rcc.o
 .debug_abbrev  0x00000a4b      0x162 ..\obj\stm32f10x_usart.o
 .debug_abbrev  0x00000bad      0x145 ..\obj\misc.o

.debug_aranges  0x00000000      0x450
 .debug_aranges
                0x00000000       0x38 ..\obj\system_stm32f10x.o
 .debug_aranges
                0x00000038       0x28 ..\obj\startup_stm32f10x_md.o
 .debug_aranges
                0x00000060       0xb0 ..\obj\stm32f10x_gpio.o
 .debug_aranges
                0x00000110       0x48 ..\obj\main.o
 .debug_aranges
                0x00000158       0xa0 ..\obj\printf.o
 .debug_aranges
                0x000001f8      0x118 ..\obj\stm32f10x_rcc.o
 .debug_aranges
                0x00000310      0x100 ..\obj\stm32f10x_usart.o
 .debug_aranges
                0x00000410       0x40 ..\obj\misc.o

.debug_ranges   0x00000000      0x3d0
 .debug_ranges  0x00000000       0x28 ..\obj\system_stm32f10x.o
 .debug_ranges  0x00000028       0x18 ..\obj\startup_stm32f10x_md.o
 .debug_ranges  0x00000040       0xa0 ..\obj\stm32f10x_gpio.o
 .debug_ranges  0x000000e0       0x38 ..\obj\main.o
 .debug_ranges  0x00000118       0x90 ..\obj\printf.o
 .debug_ranges  0x000001a8      0x108 ..\obj\stm32f10x_rcc.o
 .debug_ranges  0x000002b0       0xf0 ..\obj\stm32f10x_usart.o
 .debug_ranges  0x000003a0       0x30 ..\obj\misc.o

.debug_line     0x00000000     0x1c0c
 .debug_line    0x00000000      0x248 ..\obj\system_stm32f10x.o
 .debug_line    0x00000248       0xbe ..\obj\startup_stm32f10x_md.o
 .debug_line    0x00000306      0x429 ..\obj\stm32f10x_gpio.o
 .debug_line    0x0000072f      0x328 ..\obj\main.o
 .debug_line    0x00000a57      0x4e1 ..\obj\printf.o
 .debug_line    0x00000f38      0x525 ..\obj\stm32f10x_rcc.o
 .debug_line    0x0000145d      0x502 ..\obj\stm32f10x_usart.o
 .debug_line    0x0000195f      0x2ad ..\obj\misc.o

.debug_str      0x00000000     0x1aa5
 .debug_str     0x00000000      0x2a4 ..\obj\system_stm32f10x.o
                                0x313 (size before relaxing)
 .debug_str     0x000002a4       0xcc ..\obj\startup_stm32f10x_md.o
                                0x163 (size before relaxing)
 .debug_str     0x00000370      0x3e0 ..\obj\stm32f10x_gpio.o
                                0x54c (size before relaxing)
 .debug_str     0x00000750      0x584 ..\obj\main.o
                                0x8ae (size before relaxing)
 .debug_str     0x00000cd4      0x4e1 ..\obj\printf.o
                                0x737 (size before relaxing)
 .debug_str     0x000011b5      0x404 ..\obj\stm32f10x_rcc.o
                                0x63e (size before relaxing)
 .debug_str     0x000015b9      0x3c5 ..\obj\stm32f10x_usart.o
                                0x6b4 (size before relaxing)
 .debug_str     0x0000197e      0x127 ..\obj\misc.o
                                0x3e2 (size before relaxing)

.comment        0x00000000       0x70
 .comment       0x00000000       0x70 ..\obj\system_stm32f10x.o
                                 0x71 (size before relaxing)
 .comment       0x00000000       0x71 ..\obj\startup_stm32f10x_md.o
 .comment       0x00000000       0x71 ..\obj\stm32f10x_gpio.o
 .comment       0x00000000       0x71 ..\obj\main.o
 .comment       0x00000000       0x71 ..\obj\printf.o
 .comment       0x00000000       0x71 ..\obj\stm32f10x_rcc.o
 .comment       0x00000000       0x71 ..\obj\stm32f10x_usart.o
 .comment       0x00000000       0x71 ..\obj\misc.o

.ARM.attributes
                0x00000000       0x33
 .ARM.attributes
                0x00000000       0x33 ..\obj\system_stm32f10x.o
 .ARM.attributes
                0x00000033       0x33 ..\obj\startup_stm32f10x_md.o
 .ARM.attributes
                0x00000066       0x33 ..\obj\stm32f10x_gpio.o
 .ARM.attributes
                0x00000099       0x33 ..\obj\main.o
 .ARM.attributes
                0x000000cc       0x33 ..\obj\printf.o
 .ARM.attributes
                0x000000ff       0x33 ..\obj\stm32f10x_rcc.o
 .ARM.attributes
                0x00000132       0x33 ..\obj\stm32f10x_usart.o
 .ARM.attributes
                0x00000165       0x33 ..\obj\misc.o

.debug_frame    0x00000000      0xd60
 .debug_frame   0x00000000       0x80 ..\obj\system_stm32f10x.o
 .debug_frame   0x00000080       0x48 ..\obj\startup_stm32f10x_md.o
 .debug_frame   0x000000c8      0x22c ..\obj\stm32f10x_gpio.o
 .debug_frame   0x000002f4       0xbc ..\obj\main.o
 .debug_frame   0x000003b0      0x248 ..\obj\printf.o
 .debug_frame   0x000005f8      0x388 ..\obj\stm32f10x_rcc.o
 .debug_frame   0x00000980      0x344 ..\obj\stm32f10x_usart.o
 .debug_frame   0x00000cc4       0x9c ..\obj\misc.o
